com.transtools.ctsql.CtsqlBinary -> com.transtools.ctsql.l:
    java.lang.String getAsString() -> f
    byte[] setAsString(java.lang.String) -> a
    byte[] getAsBytes() -> a
com.transtools.ctsql.CtsqlChannel -> com.transtools.ctsql.j:
    void flush() -> a
    void readData(byte[],int,int) -> a
    void writeData(byte[],int) -> a
    void close() -> b
com.transtools.ctsql.CtsqlChar -> com.transtools.ctsql.d:
    java.lang.String getAsString() -> f
    short getAsShort() -> a
    int getAsInteger() -> g
    java.util.Calendar getAsDateCalendar() -> h
    java.util.Calendar getAsTimeCalendar() -> j
    java.util.Calendar getAsDateTimeCalendar() -> k
    double getAsDouble() -> m
    byte[] getAsByte() -> l
    java.lang.String setAsString(java.lang.String) -> a
    java.lang.String setAsShort(short) -> a
    java.lang.String setAsInteger(int) -> a
    java.lang.String setAsDouble(double) -> a
    java.lang.String setAsDateCalendar(java.sql.Date) -> a
    java.lang.String setAsTimeCalendar(java.sql.Time) -> a
    java.lang.String setAsBigDecimal(java.math.BigDecimal) -> a
com.transtools.ctsql.CtsqlConstants -> com.transtools.ctsql.b:
    short FNEMPTY -> a
    short FNDBCHANGE -> b
    short FNSELECT -> c
    short FNINTOTMP -> d
    short FNUPD -> e
    short FNDEL -> f
    short FNINSERTV -> g
    short FNWCUPD -> h
    short FNWCDEL -> i
    short FNINSERT -> j
    short FNLOCK -> k
    short FNUNLOCK -> l
    short FNDBCREATE -> m
    short FNDBDROP -> n
    short FNCREATAB -> o
    short FNDROPTAB -> p
    short FNCREAIDX -> q
    short FNDROPIDX -> r
    short FNDGRANT -> s
    short FNREVOKE -> t
    short FNRENTAB -> u
    short FNRENCOL -> v
    short FNALTTAB -> w
    short FNUPDSTAT -> x
    short FNDBCLOSE -> y
    short FNNWDEL -> z
    short FNNWUPD -> A
    short FNBEGWORK -> B
    short FNCOMMIT -> C
    short FNROLLBACK -> D
    short FNSAVEPOINT -> E
    short FNSTARTDB -> F
    short FNFORWARD -> G
    short FNCREVIEW -> H
    short FNDROPVIEW -> I
    short FNCREASYN -> J
    short FNDROPSYN -> K
    short FNCTEMP -> L
    short Z_CTSQLVERS -> M
    short W_ROWSIZE -> N
    short LARGEBUF -> O
    short MEDIUMBUF -> P
    short SMALLBUF -> Q
    short SQ_ID -> R
    short SQ_PARSE -> S
    short SQ_EXECUTE -> T
    short SQ_OPEN -> U
    short SQ_NFETCH -> V
    short SQ_CLOSE -> W
    short SQ_CURNAME -> X
    short SQ_HOST -> Y
    short SQ_DESCRIBE -> Z
    short SQ_RELEASE -> aa
    short SQ_EOT -> ab
    short SQ_FETCH -> ac
    short SQ_TRAVEL -> ad
    short SQ_PUSHCTL -> ae
    short SQ_POPCTL -> af
    short SQ_PUTENV -> ag
    short SQ_PUTSCROLL -> ah
    int SQ_FAIL -> ai
    int SQ_DONE -> aj
    int SQ_TUPLE -> ak
    int SQ_ERR -> al
    int SQ_LCKWARN -> am
    short EMPTY -> an
    int SQLNOTFOUND -> ao
    short C_PREV -> ap
    short C_EOF -> aq
    short C_BOF -> ar
    short C_SQEOF -> as
    short C_PREPD -> at
    short C_OPEN -> au
com.transtools.ctsql.CtsqlCursor -> com.transtools.ctsql.h:
    short ISFIRST -> a
    short ISLAST -> b
    short ISNEXT -> c
    short ISPREV -> d
    int NONORETUPLES -> e
    void open(com.transtools.ctsql.CtsqlType[]) -> b
    void prepare(java.lang.String) -> b
    void execute(com.transtools.ctsql.CtsqlType[]) -> a
    void fetch() -> q
    boolean fetchMode(short) -> a
    boolean scrollFetch(int) -> r
    void close() -> p
    void release() -> r
    boolean isSelectStatement() -> i
    int getColumnCount() -> f
    int getUpdateCount() -> g
    short getStat() -> b
    int getHostsNumber() -> e
    int getLastError() -> j
    java.lang.String getLastErrorString() -> k
    java.sql.SQLWarning getWarnings() -> l
    java.lang.String getName() -> h
    void setName(java.lang.String) -> a
    com.transtools.ctsql.CtsqlChar getCtsqlChar(int) -> j
    void setCtsqlChar(int,com.transtools.ctsql.CtsqlChar) -> a
    void setCtsqlBinary(int,com.transtools.ctsql.CtsqlBinary) -> a
    void setCtsqlDate(int,com.transtools.ctsql.CtsqlDate) -> a
    void setCtsqlDateTime(int,com.transtools.ctsql.CtsqlDateTime) -> a
    void setCtsqlTime(int,com.transtools.ctsql.CtsqlTime) -> a
    void setCtsqlDecimal(int,com.transtools.ctsql.CtsqlDecimal) -> a
    com.transtools.ctsql.CtsqlDate getCtsqlDate(int) -> l
    com.transtools.ctsql.CtsqlDateTime getCtsqlDateTime(int) -> m
    com.transtools.ctsql.CtsqlBinary getCtsqlBinary(int) -> n
    com.transtools.ctsql.CtsqlSmallint getCtsqlSmallint(int) -> k
    com.transtools.ctsql.CtsqlInteger getCtsqlInteger(int) -> p
    com.transtools.ctsql.CtsqlTime getCtsqlTime(int) -> o
    com.transtools.ctsql.CtsqlDecimal getCtsqlDecimal(int) -> q
    int findColumn(java.lang.String) -> c
    int getColumnType(int) -> a
    int getColumnLength(int) -> b
    int getColumnDisplaySize(int) -> g
    java.lang.String getColumnTypeName(int) -> f
    java.lang.String getColumnLabel(int) -> e
    java.lang.String getColumnName(int) -> c
    java.lang.String getTableName(int) -> d
    int getPrecision(int) -> h
    int getScale(int) -> i
    boolean isOpen() -> m
    int getRow() -> a
    boolean getIsLast() -> c
    boolean getIsAfterLast() -> d
    void update(java.lang.String) -> d
    void insert(java.lang.String) -> e
    void delete(java.lang.String) -> f
    void moveToInsertRow() -> s
    int getSerial() -> n
    int getRowIdAfterInsert() -> o
    boolean hasSerial() -> t
com.transtools.ctsql.CtsqlDate -> com.transtools.ctsql.i:
    java.util.Calendar getAsCalendar() -> a
    java.lang.String getAsString() -> f
    java.util.Calendar setAsString(java.lang.String) -> a
com.transtools.ctsql.CtsqlDateTime -> com.transtools.ctsql.f:
    java.util.Calendar getAsCalendar() -> a
    java.lang.String getAsString() -> f
    java.util.Calendar setAsString(java.lang.String) -> a
com.transtools.ctsql.CtsqlDecimal -> com.transtools.ctsql.m:
    double getAsDouble() -> a
    short getAsShort() -> g
    int getAsInteger() -> h
    java.lang.String getAsString() -> f
    double setAsDouble(double) -> a
    double setAsShort(short) -> a
    double setAsInteger(int) -> a
    double setAsLong(long) -> a
    double setAsFloat(float) -> a
    double setAsString(java.lang.String) -> a
    double setAsBigDecimal(java.math.BigDecimal) -> a
com.transtools.ctsql.CtsqlException -> com.transtools.ctsql.n:
    java.lang.Throwable throwable -> p
    int type -> q
    java.lang.String message -> r
    java.lang.Object[] args -> s
    int isamError -> t
    int WRAPPER -> a
    int SERVER_NOT_CONNECTED -> b
    int CONNECTION_NOT_OPEN -> c
    int STATEMENT_NOT_PREPARED -> d
    int STATEMENT_NOT_OPEN -> e
    int BAD_ROW_SIZE -> f
    int INVALID_COLUMN_TYPE -> g
    int ILLEGAL_CONVERSION_TYPE -> h
    int RESULSET_TYPE_FOWARDONLY -> i
    int RESULSET_CONCUR_READONLY -> j
    int ROW_ZERO -> k
    int CANNOT_FIND_TABLE_NAME -> l
    int COMMUNICATION_INTERRUPTED -> m
    int LOCKED_BY_ANOTHER_USER -> n
    java.lang.String PROPS_FILE_NAME -> u
    java.util.Properties props -> v
    java.lang.Class class$com$transtools$ctsql$CtsqlException -> o
    java.lang.Throwable getInnerThrowable() -> a
    java.lang.String getMessage() -> getMessage
    java.lang.Object[] getParams() -> b
    int getType() -> c
    java.lang.String formatWithArgs(java.lang.String) -> b
    java.lang.String getMessage(int) -> a
    java.util.Properties loadProperties() -> d
    java.lang.Class class$(java.lang.String) -> a
com.transtools.ctsql.CtsqlFactory -> com.transtools.ctsql.c:
    com.transtools.ctsql.CtsqlFactory factory -> a
    com.transtools.ctsql.CtsqlServer getNewServer() -> a
    com.transtools.ctsql.CtsqlCursor getNewCursor(com.transtools.ctsql.CtsqlServer) -> a
    com.transtools.ctsql.CtsqlChar getNewChar(java.lang.String) -> a
    com.transtools.ctsql.CtsqlDate getNewDate(java.util.Calendar) -> a
    com.transtools.ctsql.CtsqlDateTime getNewDateTime(java.util.Calendar) -> c
    com.transtools.ctsql.CtsqlTime getNewTime(java.util.Calendar) -> b
    com.transtools.ctsql.CtsqlDecimal getNewDecimal(java.lang.Double) -> a
    com.transtools.ctsql.CtsqlInteger getNewInteger(java.lang.Integer) -> a
    com.transtools.ctsql.CtsqlSmallint getNewSmallint(java.lang.Short) -> a
    com.transtools.ctsql.CtsqlDecimal getNewDecimal(double) -> a
    com.transtools.ctsql.CtsqlInteger getNewInteger(int) -> a
    com.transtools.ctsql.CtsqlSmallint getNewSmallint(short) -> a
    com.transtools.ctsql.CtsqlBinary getNewBinary(byte[]) -> a
    com.transtools.ctsql.CtsqlFactory getFactory() -> b
com.transtools.ctsql.CtsqlInteger -> com.transtools.ctsql.g:
    int getAsInt() -> a
    short getAsShort() -> g
    java.lang.String getAsString() -> f
    double getAsDouble() -> h
    int setAsInt(int) -> a
    int setAsShort(short) -> a
    int setAsString(java.lang.String) -> a
    int setAsDouble(double) -> a
    int setAsBigDecimal(java.math.BigDecimal) -> a
com.transtools.ctsql.CtsqlServer -> com.transtools.ctsql.o:
    void connect(com.transtools.ctsql.CtsqlChannel,java.lang.String,java.lang.String,java.lang.String,java.lang.String[]) -> a
    void disconnect() -> h
    boolean isConnected() -> e
    int getConvert() -> a
    void setConvert(int) -> a
    void setChannel(java.io.InputStream,java.io.OutputStream) -> a
    void setConnected() -> m
    boolean getRTrimChar() -> n
    void setRTrimChar(boolean) -> b
    int getLastSerial() -> o
    int getLastRowid() -> p
    void putEnv(java.lang.String) -> c
com.transtools.ctsql.CtsqlSmallint -> com.transtools.ctsql.a:
    short getAsShort() -> a
    java.lang.String getAsString() -> f
    int getAsInteger() -> g
    double getAsDouble() -> h
    short setAsShort(short) -> a
    short setAsString(java.lang.String) -> a
    short setAsInteger(int) -> a
    short setAsDouble(double) -> a
    short setAsBigDecimal(java.math.BigDecimal) -> a
com.transtools.ctsql.CtsqlTime -> com.transtools.ctsql.e:
    java.util.Calendar getAsCalendar() -> a
    java.lang.String getAsString() -> f
    java.util.Calendar setAsString(java.lang.String) -> a
com.transtools.ctsql.CtsqlType -> com.transtools.ctsql.k:
    short UNKNOWN_TYPE -> d
    short CHAR_TYPE -> e
    short SMALLINT_TYPE -> f
    short INTEGER_TYPE -> g
    short TIME_TYPE -> h
    short DECIMAL_TYPE -> i
    short SERIAL_TYPE -> j
    short DATE_TYPE -> k
    short MONEY_TYPE -> l
    short NULL_TYPE -> m
    short DATETIME_TYPE -> n
    short BINARY_TYPE -> o
    boolean isNull() -> e
    java.lang.String toString() -> toString
    int getType() -> b
    java.lang.String getAsString() -> f
com.transtools.ctsql.impl.CtsqlBinary -> com.transtools.ctsql.impl.f:
    byte[] buffer -> a
    java.lang.String NULL_BINARY -> b
    byte[] setAsString(java.lang.String) -> a
    int getType() -> b
    int getSqlLength() -> c
    int getStoreLength() -> d
    boolean isNull() -> e
    byte[] getAsBytes() -> a
    java.lang.String getAsString() -> f
    byte[] store() -> i
    java.lang.String toString() -> toString
    void load(byte[],int) -> a
com.transtools.ctsql.impl.CtsqlChar -> com.transtools.ctsql.impl.k:
    java.lang.String NULL -> a
    java.lang.String value -> b
    byte[] buffer -> c
    boolean isOem -> p
    boolean rTrimChar -> q
    java.lang.String setAsString(java.lang.String) -> a
    java.lang.String setAsShort(short) -> a
    java.lang.String setAsInteger(int) -> a
    java.lang.String setAsDouble(double) -> a
    java.lang.String setAsDateCalendar(java.sql.Date) -> a
    java.lang.String setAsTimeCalendar(java.sql.Time) -> a
    java.lang.String setAsBigDecimal(java.math.BigDecimal) -> a
    java.lang.String getAsString() -> f
    int getStoreLength() -> d
    int getSqlLength() -> c
    boolean isNull() -> e
    int getType() -> b
    short getAsShort() -> a
    int getAsInteger() -> g
    java.util.Calendar getAsDateCalendar() -> h
    java.util.Calendar getAsTimeCalendar() -> j
    java.util.Calendar getAsDateTimeCalendar() -> k
    byte[] getAsByte() -> l
    double getAsDouble() -> m
    byte[] store() -> i
    java.lang.String toString() -> toString
    void load(byte[],int,int) -> a
com.transtools.ctsql.impl.CtsqlDate -> com.transtools.ctsql.impl.n:
    int value -> a
    byte[] buffer -> b
    int[] dateAsArray -> c
    int NULL -> p
    java.lang.String NULL_DATE -> q
    int DAYS_4Y -> r
    int DAYS_4C -> s
    int DAYSBEGIN -> t
    int[] days -> u
    java.util.Calendar setAsString(java.lang.String) -> a
    void setValue(int) -> a
    java.util.Calendar getAsCalendar() -> a
    boolean isNull() -> e
    java.lang.String getAsString() -> f
    int getType() -> b
    int getSqlLength() -> c
    int getStoreLength() -> d
    int getValue() -> g
    byte[] store() -> i
    java.lang.String toString() -> toString
    int dmyToInt(java.util.Calendar) -> a
    void intToDmy(int,int[]) -> a
    boolean isLeapYear(int) -> b
    void load(byte[],int) -> a
    int dmyToInt(int,int,int) -> a
com.transtools.ctsql.impl.CtsqlDateTime -> com.transtools.ctsql.impl.e:
    int[] timeAsArray -> a
    int[] dateAsArray -> b
    byte[] buffer -> c
    com.transtools.ctsql.impl.CtsqlDate ctsqlDate -> p
    com.transtools.ctsql.impl.CtsqlTime ctsqlTime -> q
    int DAYSECS -> r
    int NULL -> s
    java.lang.String NULL_DATETIME -> t
    java.util.Calendar setAsString(java.lang.String) -> a
    java.util.Calendar getAsCalendar() -> a
    int getType() -> b
    int getSqlLength() -> c
    int getStoreLength() -> d
    boolean isNull() -> e
    java.lang.String getAsString() -> f
    com.transtools.ctsql.impl.CtsqlDate getAsDate() -> g
    com.transtools.ctsql.impl.CtsqlTime getAsTime() -> h
    byte[] store() -> i
    java.lang.String toString() -> toString
    void load(byte[],int) -> a
    void intToHms(int,int[]) -> a
    int hmsToInt(int,int,int) -> a
    int hmsToInt(java.util.Calendar) -> a
com.transtools.ctsql.impl.CtsqlDecimal -> com.transtools.ctsql.impl.d:
    int length -> a
    int precision -> b
    com.transtools.ctsql.impl.CtsqlDecimalSupport support -> c
    int DEFAULT_LENGTH -> p
    int DEFAULT_PRECISION -> q
    double setAsDouble(double) -> a
    double setAsShort(short) -> a
    double setAsInteger(int) -> a
    double setAsLong(long) -> a
    double setAsFloat(float) -> a
    double setAsString(java.lang.String) -> a
    double setAsBigDecimal(java.math.BigDecimal) -> a
    double getAsDouble() -> a
    int getType() -> b
    int getSqlLength() -> c
    int getStoreLength() -> d
    boolean isNull() -> e
    java.lang.String getAsString() -> f
    short getAsShort() -> g
    int getAsInteger() -> h
    void load(byte[],int,int) -> a
    byte[] store() -> i
    java.lang.String toString() -> toString
    int getDecimalStoreLength() -> j
    int lengthFromPack(int) -> b
    int precisionFromPack(int) -> c
    int decLen(int,int) -> a
    int precMake(int,int) -> b
com.transtools.ctsql.impl.CtsqlDecimalSupport -> com.transtools.ctsql.impl.h:
    short dec_exp -> c
    short dec_pos -> d
    short dec_ndgts -> e
    byte[] dec_dgts -> f
    int scale -> g
    int DBLPRECISION -> a
    int FLOATPREC -> b
    int DECSIZE -> h
    int DECBASE -> i
    int SIZBUFNUM -> j
    boolean isNull() -> a
    int getNumberOfDigits() -> b
    double tdectodbl() -> c
    java.lang.String toString() -> toString
    void lddec(byte[],int,int) -> a
    void stdec(byte[],int,int) -> b
    void setScale(int) -> a
    int getScale() -> d
    int pack_100(int,int,byte[],int) -> a
    int pack_100_exp(byte[]) -> a
    void comp_100(byte[],int,int) -> c
    void dec_t_load(byte[],int,short,short) -> a
    int pack_odd(byte[],byte[],int,int) -> a
    void doubleToDecimal(double,int) -> a
    java.lang.String unscaledValueString(double) -> a
    boolean decneg20() -> e
    void main(java.lang.String[]) -> a
    void printResult(java.lang.String) -> a
com.transtools.ctsql.impl.CtsqlExceptionManager -> com.transtools.ctsql.impl.j:
    com.transtools.ctsql.impl.CtsqlExceptionManager manager -> a
    void throwException(int) -> a
    void throwException(int,java.lang.Object[]) -> a
    void throwException(int,java.lang.Object[],int) -> a
    void throwException(java.lang.Throwable) -> a
    com.transtools.ctsql.impl.CtsqlExceptionManager getManager() -> a
com.transtools.ctsql.impl.CtsqlInteger -> com.transtools.ctsql.impl.o:
    int value -> p
    byte[] buffer -> q
    int NULL -> a
    int STORE_LENGTH -> b
    int SQL_LENGTH -> c
    int setAsInt(int) -> a
    int setAsShort(short) -> a
    int setAsString(java.lang.String) -> a
    int setAsDouble(double) -> a
    int setAsBigDecimal(java.math.BigDecimal) -> a
    int getAsInt() -> a
    int getType() -> b
    int getSqlLength() -> c
    int getStoreLength() -> d
    boolean isNull() -> e
    java.lang.String getAsString() -> f
    short getAsShort() -> g
    double getAsDouble() -> h
    byte[] store() -> i
    java.lang.String toString() -> toString
    int getValue() -> j
    void load(byte[],int) -> b
    void storeInt(int,byte[]) -> a
    int loadInt(byte[],int) -> a
com.transtools.ctsql.impl.CtsqlServerImpl -> com.transtools.ctsql.impl.l:
    com.transtools.ctsql.CtsqlChannel channel -> c
    boolean connected -> d
    java.lang.String currDb -> e
    java.lang.String currDbPath -> f
    int transactionFlag -> g
    boolean bRowidStandard -> h
    int rowidType -> i
    int rowidSize -> j
    byte[] buf4bytes -> k
    int count -> l
    boolean isUsed -> m
    int convert -> n
    boolean rTrimChar -> o
    int CNT_CONVERTANSITOOEM -> a
    int CNT_CONVERTOEMTOANSI -> b
    java.lang.String DATABASE -> p
    byte[] EVEN_BYTE -> q
    byte[] DUMB_BUFFER -> r
    int lastSerial -> s
    int lastRowid -> t
    void setConvert(int) -> a
    void setIsUsed(boolean) -> a
    void setTransactionFlag(int) -> b
    void setCurrentDBPath(java.lang.String) -> a
    void setCurrentDB(java.lang.String) -> b
    void setRowidTypeSize(int,int) -> a
    int getConvert() -> a
    int getTransactionFlag() -> b
    java.lang.String getCurrentDBPath() -> c
    java.lang.String getCurrentDB() -> d
    boolean isConnected() -> e
    boolean isRowidStandard() -> f
    boolean geIsUsed() -> g
    void connect(com.transtools.ctsql.CtsqlChannel,java.lang.String,java.lang.String,java.lang.String,java.lang.String[]) -> a
    void disconnect() -> h
    void putEnv(java.lang.String) -> c
    void flush() -> i
    short readSmallint() -> j
    int readInteger() -> k
    void writeSmallint(short) -> a
    void writeCommand(short) -> b
    java.lang.String readString() -> l
    void writeString(java.lang.String) -> d
    void writeData(byte[],int) -> a
    void readData(byte[],int,int) -> a
    void readDataEven(byte[],int,int) -> b
    void sendPutEnv(java.lang.String) -> e
    void evenizeWrite(int) -> e
    void evenizeRead(int) -> f
    void setChannel(java.io.InputStream,java.io.OutputStream) -> a
    void setConnected() -> m
    boolean getRTrimChar() -> n
    void setRTrimChar(boolean) -> b
    int getLastSerial() -> o
    void setLastSerial(int) -> c
    int getLastRowid() -> p
    void setLastRowid(int) -> d
com.transtools.ctsql.impl.CtsqlSmallint -> com.transtools.ctsql.impl.b:
    short value -> p
    byte[] buffer -> q
    short NULL -> a
    int STORE_LENGTH -> b
    int SQL_LENGTH -> c
    short setAsShort(short) -> a
    short setAsString(java.lang.String) -> a
    short setAsInteger(int) -> a
    short setAsDouble(double) -> a
    short setAsBigDecimal(java.math.BigDecimal) -> a
    short getAsShort() -> a
    int getType() -> b
    int getSqlLength() -> c
    int getStoreLength() -> d
    boolean isNull() -> e
    java.lang.String getAsString() -> f
    int getAsInteger() -> g
    double getAsDouble() -> h
    byte[] store() -> i
    java.lang.String toString() -> toString
    short getValue() -> j
    void load(byte[],int) -> b
    void storeShort(short,byte[]) -> a
    short loadShort(byte[],int) -> a
com.transtools.ctsql.impl.CtsqlSqlca -> com.transtools.ctsql.impl.i:
    int sqlcode -> a
    int[] sqlerrd -> b
    boolean locked -> c
    boolean nullWarn -> d
    java.lang.String sqlerrm -> e
    void setSqlCode(int) -> a
    void setSqlErrd(int,int) -> a
    void setSqlErrorString(java.lang.String) -> a
    void setLocked(boolean) -> a
    void setNullWarn(boolean) -> b
    int getSqlCode() -> a
    int getSqlErrd(int) -> b
    java.lang.String getSqlErrorString() -> b
    boolean getLocked() -> c
    boolean getNullWarn() -> d
    void resetSqlca() -> e
com.transtools.ctsql.impl.CtsqlStmt -> com.transtools.ctsql.impl.p:
    java.lang.String LAST_INSERT_ROWID -> f
    java.lang.String LAST_INSERT_ID -> g
    int UPDATE_COUNT -> h
    int ROWID_AFTER_INSERT -> i
    int NAMEOFFSET_ICOL -> j
    int TITLEOFFSET_ICOL -> k
    int DATAOFFSET_ICOL -> l
    int TYPE_ICOL -> m
    int LENGTH_ICOL -> n
    int SMALLINT_DISPLAY_SIZE -> o
    int INTEGER_DISPLAY_SIZE -> p
    int DATE_DISPLAY_SIZE -> q
    int DATETIME_DISPLAY_SIZE -> r
    int BINARY_DISPLAY_SIZE -> s
    int NULL_DISPLAY_SIZE -> t
    com.transtools.ctsql.impl.CtsqlServerImpl server -> u
    com.transtools.ctsql.impl.CtsqlSqlca sqlca -> v
    int curop -> w
    int id -> x
    short rowSize -> y
    boolean bPrepared -> z
    boolean bOpen -> A
    int lastCommand -> B
    java.lang.String name -> C
    boolean errfl -> D
    boolean fldone -> E
    boolean flmov -> F
    boolean flBrkScroll -> G
    boolean serialValueObtained -> H
    short recidx -> I
    short left -> J
    int ncols -> K
    short noby -> L
    byte[] titl -> M
    byte[] buf -> N
    boolean bufIsOem -> O
    short stat -> P
    boolean rTrimChar -> Q
    short offTuple -> R
    short prevrow -> S
    short[][] icollis -> T
    short[][] oby -> U
    int nHost -> V
    boolean isLast -> W
    boolean isAfterLast -> X
    com.transtools.ctsql.CtsqlType[] columns -> Y
    boolean[] updated -> Z
    boolean inInsertRow -> aa
    boolean localStatement -> ab
    java.lang.String localResultType -> ac
    int sqlbsize(int) -> s
    void setName(java.lang.String) -> a
    void setCtsqlChar(int,com.transtools.ctsql.CtsqlChar) -> a
    void setCtsqlBinary(int,com.transtools.ctsql.CtsqlBinary) -> a
    void setCtsqlDecimal(int,com.transtools.ctsql.CtsqlDecimal) -> a
    void setCtsqlDate(int,com.transtools.ctsql.CtsqlDate) -> a
    void setCtsqlTime(int,com.transtools.ctsql.CtsqlTime) -> a
    void setCtsqlDateTime(int,com.transtools.ctsql.CtsqlDateTime) -> a
    int getRow() -> a
    short getStat() -> b
    boolean getIsLast() -> c
    boolean getIsAfterLast() -> d
    int getHostsNumber() -> e
    int getColumnCount() -> f
    int getColumnType(int) -> a
    int getColumnLength(int) -> b
    java.lang.String getColumnName(int) -> c
    java.lang.String getTableName(int) -> d
    java.lang.String getColumnLabel(int) -> e
    java.lang.String getColumnTypeName(int) -> f
    int getColumnDisplaySize(int) -> g
    int getPrecision(int) -> h
    int getScale(int) -> i
    int getUpdateCount() -> g
    java.lang.String getName() -> h
    boolean isSelectStatement() -> i
    int getLastError() -> j
    java.lang.String getLastErrorString() -> k
    java.sql.SQLWarning getWarnings() -> l
    boolean isOpen() -> m
    com.transtools.ctsql.CtsqlChar getCtsqlChar(int) -> j
    com.transtools.ctsql.CtsqlSmallint getCtsqlSmallint(int) -> k
    com.transtools.ctsql.CtsqlDate getCtsqlDate(int) -> l
    com.transtools.ctsql.CtsqlDateTime getCtsqlDateTime(int) -> m
    com.transtools.ctsql.CtsqlBinary getCtsqlBinary(int) -> n
    com.transtools.ctsql.CtsqlTime getCtsqlTime(int) -> o
    com.transtools.ctsql.CtsqlInteger getCtsqlInteger(int) -> p
    com.transtools.ctsql.CtsqlDecimal getCtsqlDecimal(int) -> q
    int getSerial() -> n
    int getRowIdAfterInsert() -> o
    void prepare(java.lang.String) -> b
    boolean isLocalStatement() -> u
    void localStatementDescribeInfo(java.lang.String) -> g
    void localPrepare(java.lang.String) -> h
    void localOpen() -> v
    void localClose() -> w
    void localRelease() -> x
    void localFetch() -> y
    int findColumn(java.lang.String) -> c
    void execute(com.transtools.ctsql.CtsqlType[]) -> a
    void close() -> p
    void open(com.transtools.ctsql.CtsqlType[]) -> b
    void fetch() -> q
    boolean fetchMode(short) -> a
    boolean scrollFetch(int) -> r
    void release() -> r
    void update(java.lang.String) -> d
    void insert(java.lang.String) -> e
    void moveToInsertRow() -> s
    void delete(java.lang.String) -> f
    boolean hasSerial() -> t
    void finalize() -> finalize
    void setCtsqlNull(int) -> t
    void setCurrent() -> z
    int getBasicColumnType(int) -> u
    int getTypeIcol(int) -> v
    int getLenIcol(int) -> w
    int getBufOffsetIcol(int) -> x
    boolean isPrepared() -> A
    java.sql.SQLWarning createAndChainWarning(java.sql.SQLWarning,java.lang.String,java.lang.String) -> a
    void sendStatementWithUpdatedHosts(java.lang.String,int) -> a
    void loadColumns() -> B
    void longfetch(short) -> b
    boolean scrollfillb(short) -> c
    void travel(short,int) -> a
    void checkLastError() -> C
    java.lang.String readColumnInfo(int) -> y
    void init() -> D
    void checkServer() -> E
    void sendCommand(short) -> d
    void sendParse(java.lang.String) -> i
    int realhosts(java.lang.String) -> j
    void sendId(int) -> z
    void sendExecute() -> F
    void sendHosts(com.transtools.ctsql.CtsqlType[]) -> c
    void sendDescribe() -> G
    void sendOpen() -> H
    void sendNFetch() -> I
    void sendFetch(short) -> e
    void sendTravel(short,int) -> b
    void sendCurName(java.lang.String) -> k
    void readErrInfo() -> J
    void readDoneInfo() -> K
    void readLckWarnInfo() -> L
    void readTupleInfo() -> M
    byte[] realoja(byte[],int) -> a
    void readDescribeInfo() -> N
    short waitResult(short,java.lang.Integer,boolean,boolean) -> a
    void checkColumnType(int,int) -> a
    void resetSqlca() -> O
com.transtools.ctsql.impl.CtsqlTime -> com.transtools.ctsql.impl.m:
    byte[] buffer -> a
    int[] timeAsArray -> b
    int value -> c
    int NULL -> p
    java.lang.String NULL_TIME -> q
    int DAYSECS -> r
    void setValue(int) -> a
    java.util.Calendar setAsString(java.lang.String) -> a
    java.util.Calendar getAsCalendar() -> a
    int getType() -> b
    int getSqlLength() -> c
    int getStoreLength() -> d
    int getValue() -> g
    boolean isNull() -> e
    java.lang.String getAsString() -> f
    byte[] store() -> i
    java.lang.String toString() -> toString
    void intToHms(int,int[]) -> a
    int hmsToInt(java.util.Calendar) -> a
    void load(byte[],int) -> a
    int hmsToInt(int,int,int) -> a
com.transtools.ctsql.impl.Factory -> com.transtools.ctsql.impl.c:
    com.transtools.ctsql.CtsqlServer getNewServer() -> a
    com.transtools.ctsql.CtsqlCursor getNewCursor(com.transtools.ctsql.CtsqlServer) -> a
    com.transtools.ctsql.CtsqlDecimal getNewDecimal(double) -> a
    com.transtools.ctsql.CtsqlInteger getNewInteger(int) -> a
    com.transtools.ctsql.CtsqlSmallint getNewSmallint(short) -> a
    com.transtools.ctsql.CtsqlChar getNewChar(java.lang.String) -> a
    com.transtools.ctsql.CtsqlDate getNewDate(java.util.Calendar) -> a
    com.transtools.ctsql.CtsqlDecimal getNewDecimal(java.lang.Double) -> a
    com.transtools.ctsql.CtsqlInteger getNewInteger(java.lang.Integer) -> a
    com.transtools.ctsql.CtsqlSmallint getNewSmallint(java.lang.Short) -> a
    com.transtools.ctsql.CtsqlTime getNewTime(java.util.Calendar) -> b
    com.transtools.ctsql.CtsqlDateTime getNewDateTime(java.util.Calendar) -> c
    com.transtools.ctsql.CtsqlBinary getNewBinary(byte[]) -> a
com.transtools.ctsql.impl.OemConverter -> com.transtools.ctsql.impl.g:
    int[] AnsiToOemConv -> a
    int[] OemToAnsiConv -> b
    byte[] AnsiToOem(byte[]) -> a
    byte[] OemToAnsi(byte[]) -> b
com.transtools.ctsql.impl.ProtocolType -> com.transtools.ctsql.impl.a:
    byte[] store() -> i
    int getStoreLength() -> d
    int getSqlLength() -> c
com.transtools.jdbc.CtsqlChannel -> com.transtools.jdbc.f:
    java.io.BufferedInputStream input -> b
    java.io.BufferedOutputStream output -> c
    java.net.Socket socket -> d
    java.lang.String PROPS_FILE_NAME -> e
    java.lang.String BUFFER_SIZE_PROP -> f
    java.lang.String DEFAULT_BUFFER_SIZE -> g
    java.util.Properties props -> h
    int BUFFER_SIZE -> i
    java.lang.Class class$com$transtools$jdbc$CtsqlChannel -> a
    void flush() -> a
    void readData(byte[],int,int) -> a
    void writeData(byte[],int) -> a
    void close() -> b
    void initialize(java.io.InputStream,java.io.OutputStream) -> a
    java.util.Properties loadProperties() -> c
    java.lang.Class class$(java.lang.String) -> a
com.transtools.jdbc.CtsqlCommBuffer -> com.transtools.jdbc.d:
    com.transtools.ctsql.CtsqlChannel ctsqlChannel -> c
    byte[] buf4bytes -> d
    int count -> e
    boolean isUsed -> f
    int convert -> g
    int CNT_CONVERTANSITOOEM -> a
    int CNT_CONVERTOEMTOANSI -> b
    java.lang.String DATABASE -> h
    byte[] EVEN_BYTE -> i
    byte[] DUMB_BUFFER -> j
    void setConvert(int) -> a
    void close() -> a
    void flush() -> b
    short readSmallint() -> c
    int readInteger() -> d
    void writeSmallint(short) -> a
    java.lang.String readString() -> e
    void writeString(java.lang.String) -> a
    void writeData(byte[],int) -> a
    void readData(byte[],int,int) -> a
    void readDataEven(byte[],int,int) -> b
    byte[] readByteArray() -> f
    void evenizeWrite(int) -> b
    void evenizeRead(int) -> c
    void storeShort(short,byte[]) -> a
    short loadShort(byte[],int) -> b
    void storeInt(int,byte[]) -> a
    int loadInt(byte[],int) -> c
com.transtools.jdbc.CtsqlJdbcDriver -> com.transtools.jdbc.CtsqlJdbcDriver:
    java.sql.DriverPropertyInfo[] getPropertyInfo(java.lang.String,java.util.Properties) -> getPropertyInfo
    int getMajorVersion() -> getMajorVersion
    int getMinorVersion() -> getMinorVersion
    java.sql.Connection connect(java.lang.String,java.util.Properties) -> connect
    boolean acceptsURL(java.lang.String) -> acceptsURL
    boolean jdbcCompliant() -> jdbcCompliant
    void addConnectionProperties(java.lang.String,java.util.Properties) -> a
com.transtools.jdbc.ExceptionManager -> com.transtools.jdbc.b:
    com.transtools.jdbc.ExceptionManager manager -> a
    void throwException(int,java.lang.String) -> a
    void throwException(com.transtools.ctsql.CtsqlException) -> a
    void throwException(int,java.lang.String,java.lang.Object[]) -> a
    java.lang.String buildMessage(java.lang.String,java.lang.Object[]) -> a
    com.transtools.jdbc.ExceptionManager getManager() -> a
com.transtools.jdbc.TTConnection -> com.transtools.jdbc.i:
    com.transtools.ctsql.CtsqlServer server -> c
    int convert -> d
    int CNT_CONVERTANSITOOEM -> a
    int CNT_CONVERTOEMTOANSI -> b
    java.lang.String DBUSER -> e
    java.lang.String DBPASSWORD -> f
    int transactional -> g
    int isAutoCommitActive -> h
    java.lang.String host -> i
    int port -> j
    java.lang.String dbName -> k
    java.util.Properties props -> l
    void setAutoCommit(boolean) -> setAutoCommit
    void setReadOnly(boolean) -> setReadOnly
    void setCatalog(java.lang.String) -> setCatalog
    void setTransactionIsolation(int) -> setTransactionIsolation
    void setTypeMap(java.util.Map) -> setTypeMap
    void setChannelServer(java.io.InputStream,java.io.OutputStream) -> a
    int getConvert() -> a
    boolean isClosed() -> isClosed
    boolean getAutoCommit() -> getAutoCommit
    java.sql.DatabaseMetaData getMetaData() -> getMetaData
    boolean isReadOnly() -> isReadOnly
    java.lang.String getCatalog() -> getCatalog
    boolean bdIsTransactional() -> g
    void beginWork() -> h
    int getTransactionIsolation() -> getTransactionIsolation
    java.sql.SQLWarning getWarnings() -> getWarnings
    java.util.Map getTypeMap() -> getTypeMap
    java.lang.String[] createEnviromentArray(java.util.Properties) -> a
    void close() -> close
    java.sql.Statement createStatement() -> createStatement
    java.sql.PreparedStatement prepareStatement(java.lang.String) -> prepareStatement
    java.sql.CallableStatement prepareCall(java.lang.String) -> prepareCall
    java.lang.String nativeSQL(java.lang.String) -> nativeSQL
    void commit() -> commit
    void rollback() -> rollback
    void clearWarnings() -> clearWarnings
    java.sql.Statement createStatement(int,int) -> createStatement
    java.sql.PreparedStatement prepareStatement(java.lang.String,int,int) -> prepareStatement
    java.sql.CallableStatement prepareCall(java.lang.String,int,int) -> prepareCall
    com.transtools.ctsql.CtsqlServer getCtsqlServer() -> b
    void finalize() -> finalize
    java.sql.Statement createStatement(int,int,int) -> a
    int getHoldability() -> c
    java.sql.CallableStatement prepareCall(java.lang.String,int,int,int) -> a
    java.sql.PreparedStatement prepareStatement(java.lang.String,int,int,int) -> b
    java.sql.PreparedStatement prepareStatement(java.lang.String,int) -> a
    java.sql.PreparedStatement prepareStatement(java.lang.String,int[]) -> a
    java.sql.PreparedStatement prepareStatement(java.lang.String,java.lang.String[]) -> a
    void setHoldability(int) -> a
    int getLastRowid() -> d
    int getLastSerial() -> e
    java.lang.String getUrl() -> f
    void putEnv(java.lang.String) -> a
com.transtools.jdbc.TTDataBaseMetaData -> com.transtools.jdbc.c:
    java.lang.String DEFAULT_SCHEMA -> a
    int counter -> b
    java.lang.Object counter_monitor -> c
    java.sql.Connection connection -> d
    int[] java_types -> e
    java.lang.String[] sql_tnames -> f
    java.lang.String[] TMP_TypeInfo -> g
    com.transtools.jdbc.metadata.FixedResultsetMetadata importExportKeysMetadata -> h
    com.transtools.jdbc.metadata.FixedResultsetMetadata primaryKeysMetadata -> i
    java.util.Map systablesMap -> j
    int NPARTS -> k
    java.lang.String getURL() -> getURL
    java.lang.String getUserName() -> getUserName
    boolean isReadOnly() -> isReadOnly
    java.lang.String getDatabaseProductName() -> getDatabaseProductName
    java.lang.String getDatabaseProductVersion() -> getDatabaseProductVersion
    java.lang.String getDriverName() -> getDriverName
    java.lang.String getDriverVersion() -> getDriverVersion
    int getDriverMajorVersion() -> getDriverMajorVersion
    int getDriverMinorVersion() -> getDriverMinorVersion
    java.lang.String getIdentifierQuoteString() -> getIdentifierQuoteString
    java.lang.String getSQLKeywords() -> getSQLKeywords
    java.lang.String getNumericFunctions() -> getNumericFunctions
    java.lang.String getStringFunctions() -> getStringFunctions
    java.lang.String getSystemFunctions() -> getSystemFunctions
    java.lang.String getTimeDateFunctions() -> getTimeDateFunctions
    java.lang.String getSearchStringEscape() -> getSearchStringEscape
    java.lang.String getExtraNameCharacters() -> getExtraNameCharacters
    java.lang.String getSchemaTerm() -> getSchemaTerm
    java.lang.String getProcedureTerm() -> getProcedureTerm
    java.lang.String getCatalogTerm() -> getCatalogTerm
    boolean isCatalogAtStart() -> isCatalogAtStart
    java.lang.String getCatalogSeparator() -> getCatalogSeparator
    int getDefaultTransactionIsolation() -> getDefaultTransactionIsolation
    int getMaxBinaryLiteralLength() -> getMaxBinaryLiteralLength
    int getMaxCharLiteralLength() -> getMaxCharLiteralLength
    int getMaxColumnNameLength() -> getMaxColumnNameLength
    int getMaxColumnsInGroupBy() -> getMaxColumnsInGroupBy
    int getMaxColumnsInIndex() -> getMaxColumnsInIndex
    int getMaxColumnsInOrderBy() -> getMaxColumnsInOrderBy
    int getMaxColumnsInSelect() -> getMaxColumnsInSelect
    int getMaxColumnsInTable() -> getMaxColumnsInTable
    int getMaxConnections() -> getMaxConnections
    int getMaxCursorNameLength() -> getMaxCursorNameLength
    int getMaxIndexLength() -> getMaxIndexLength
    int getMaxSchemaNameLength() -> getMaxSchemaNameLength
    int getMaxProcedureNameLength() -> getMaxProcedureNameLength
    int getMaxCatalogNameLength() -> getMaxCatalogNameLength
    int getMaxRowSize() -> getMaxRowSize
    int getMaxStatementLength() -> getMaxStatementLength
    int getMaxStatements() -> getMaxStatements
    int getMaxTableNameLength() -> getMaxTableNameLength
    int getMaxTablesInSelect() -> getMaxTablesInSelect
    int getMaxUserNameLength() -> getMaxUserNameLength
    java.sql.ResultSet getProcedures(java.lang.String,java.lang.String,java.lang.String) -> getProcedures
    java.sql.ResultSet getProcedureColumns(java.lang.String,java.lang.String,java.lang.String,java.lang.String) -> getProcedureColumns
    java.sql.ResultSet getTables(java.lang.String,java.lang.String,java.lang.String,java.lang.String[]) -> getTables
    java.sql.ResultSet getSchemas() -> getSchemas
    java.sql.ResultSet getCatalogs() -> getCatalogs
    java.sql.ResultSet getTableTypes() -> getTableTypes
    java.sql.ResultSet getColumns(java.lang.String,java.lang.String,java.lang.String,java.lang.String) -> getColumns
    java.sql.ResultSet getColumnPrivileges(java.lang.String,java.lang.String,java.lang.String,java.lang.String) -> getColumnPrivileges
    java.sql.ResultSet getTablePrivileges(java.lang.String,java.lang.String,java.lang.String) -> getTablePrivileges
    java.sql.ResultSet getBestRowIdentifier(java.lang.String,java.lang.String,java.lang.String,int,boolean) -> getBestRowIdentifier
    java.sql.ResultSet getVersionColumns(java.lang.String,java.lang.String,java.lang.String) -> getVersionColumns
    java.sql.ResultSet getPrimaryKeys(java.lang.String,java.lang.String,java.lang.String) -> getPrimaryKeys
    java.sql.ResultSet DeprecatedgetPrimaryKeys(java.lang.String,java.lang.String,java.lang.String) -> a
    com.transtools.jdbc.metadata.Systable getSystable(java.lang.String) -> a
    com.transtools.jdbc.metadata.Systable loadSystable(java.lang.String) -> b
    void loadSyscolumns(com.transtools.jdbc.metadata.Systable) -> a
    java.sql.ResultSet getImportedKeys(java.lang.String,java.lang.String,java.lang.String) -> getImportedKeys
    java.sql.ResultSet getExportedKeys(java.lang.String,java.lang.String,java.lang.String) -> getExportedKeys
    java.sql.ResultSet DeprecatedgetImportedKeys(java.lang.String,java.lang.String,java.lang.String) -> b
    java.sql.ResultSet DeprecatedgetExportedKeys(java.lang.String,java.lang.String,java.lang.String) -> c
    java.sql.ResultSet getCrossReference(java.lang.String,java.lang.String,java.lang.String,java.lang.String,java.lang.String,java.lang.String) -> getCrossReference
    java.sql.ResultSet getTypeInfo() -> getTypeInfo
    java.sql.ResultSet getIndexInfo(java.lang.String,java.lang.String,java.lang.String,boolean,boolean) -> getIndexInfo
    java.sql.ResultSet getUDTs(java.lang.String,java.lang.String,java.lang.String,int[]) -> getUDTs
    java.sql.Connection getConnection() -> getConnection
    boolean allProceduresAreCallable() -> allProceduresAreCallable
    boolean allTablesAreSelectable() -> allTablesAreSelectable
    boolean nullsAreSortedHigh() -> nullsAreSortedHigh
    boolean nullsAreSortedLow() -> nullsAreSortedLow
    boolean nullsAreSortedAtStart() -> nullsAreSortedAtStart
    boolean nullsAreSortedAtEnd() -> nullsAreSortedAtEnd
    boolean usesLocalFiles() -> usesLocalFiles
    boolean usesLocalFilePerTable() -> usesLocalFilePerTable
    boolean supportsMixedCaseIdentifiers() -> supportsMixedCaseIdentifiers
    boolean storesUpperCaseIdentifiers() -> storesUpperCaseIdentifiers
    boolean storesLowerCaseIdentifiers() -> storesLowerCaseIdentifiers
    boolean storesMixedCaseIdentifiers() -> storesMixedCaseIdentifiers
    boolean supportsMixedCaseQuotedIdentifiers() -> supportsMixedCaseQuotedIdentifiers
    boolean storesUpperCaseQuotedIdentifiers() -> storesUpperCaseQuotedIdentifiers
    boolean storesLowerCaseQuotedIdentifiers() -> storesLowerCaseQuotedIdentifiers
    boolean storesMixedCaseQuotedIdentifiers() -> storesMixedCaseQuotedIdentifiers
    boolean supportsAlterTableWithAddColumn() -> supportsAlterTableWithAddColumn
    boolean supportsAlterTableWithDropColumn() -> supportsAlterTableWithDropColumn
    boolean supportsColumnAliasing() -> supportsColumnAliasing
    boolean nullPlusNonNullIsNull() -> nullPlusNonNullIsNull
    boolean supportsConvert() -> supportsConvert
    boolean supportsConvert(int,int) -> supportsConvert
    boolean supportsTableCorrelationNames() -> supportsTableCorrelationNames
    boolean supportsDifferentTableCorrelationNames() -> supportsDifferentTableCorrelationNames
    boolean supportsExpressionsInOrderBy() -> supportsExpressionsInOrderBy
    boolean supportsOrderByUnrelated() -> supportsOrderByUnrelated
    boolean supportsGroupBy() -> supportsGroupBy
    boolean supportsGroupByUnrelated() -> supportsGroupByUnrelated
    boolean supportsGroupByBeyondSelect() -> supportsGroupByBeyondSelect
    boolean supportsLikeEscapeClause() -> supportsLikeEscapeClause
    boolean supportsMultipleResultSets() -> supportsMultipleResultSets
    boolean supportsMultipleTransactions() -> supportsMultipleTransactions
    boolean supportsNonNullableColumns() -> supportsNonNullableColumns
    boolean supportsMinimumSQLGrammar() -> supportsMinimumSQLGrammar
    boolean supportsCoreSQLGrammar() -> supportsCoreSQLGrammar
    boolean supportsExtendedSQLGrammar() -> supportsExtendedSQLGrammar
    boolean supportsANSI92EntryLevelSQL() -> supportsANSI92EntryLevelSQL
    boolean supportsANSI92IntermediateSQL() -> supportsANSI92IntermediateSQL
    boolean supportsANSI92FullSQL() -> supportsANSI92FullSQL
    boolean supportsIntegrityEnhancementFacility() -> supportsIntegrityEnhancementFacility
    boolean supportsOuterJoins() -> supportsOuterJoins
    boolean supportsFullOuterJoins() -> supportsFullOuterJoins
    boolean supportsLimitedOuterJoins() -> supportsLimitedOuterJoins
    boolean supportsSchemasInDataManipulation() -> supportsSchemasInDataManipulation
    boolean supportsSchemasInProcedureCalls() -> supportsSchemasInProcedureCalls
    boolean supportsSchemasInTableDefinitions() -> supportsSchemasInTableDefinitions
    boolean supportsSchemasInIndexDefinitions() -> supportsSchemasInIndexDefinitions
    boolean supportsSchemasInPrivilegeDefinitions() -> supportsSchemasInPrivilegeDefinitions
    boolean supportsCatalogsInDataManipulation() -> supportsCatalogsInDataManipulation
    boolean supportsCatalogsInProcedureCalls() -> supportsCatalogsInProcedureCalls
    boolean supportsCatalogsInTableDefinitions() -> supportsCatalogsInTableDefinitions
    boolean supportsCatalogsInIndexDefinitions() -> supportsCatalogsInIndexDefinitions
    boolean supportsCatalogsInPrivilegeDefinitions() -> supportsCatalogsInPrivilegeDefinitions
    boolean supportsPositionedDelete() -> supportsPositionedDelete
    boolean supportsPositionedUpdate() -> supportsPositionedUpdate
    boolean supportsSelectForUpdate() -> supportsSelectForUpdate
    boolean supportsStoredProcedures() -> supportsStoredProcedures
    boolean supportsSubqueriesInComparisons() -> supportsSubqueriesInComparisons
    boolean supportsSubqueriesInExists() -> supportsSubqueriesInExists
    boolean supportsSubqueriesInIns() -> supportsSubqueriesInIns
    boolean supportsSubqueriesInQuantifieds() -> supportsSubqueriesInQuantifieds
    boolean supportsCorrelatedSubqueries() -> supportsCorrelatedSubqueries
    boolean supportsUnion() -> supportsUnion
    boolean supportsUnionAll() -> supportsUnionAll
    boolean supportsOpenCursorsAcrossCommit() -> supportsOpenCursorsAcrossCommit
    boolean supportsOpenCursorsAcrossRollback() -> supportsOpenCursorsAcrossRollback
    boolean supportsOpenStatementsAcrossCommit() -> supportsOpenStatementsAcrossCommit
    boolean supportsOpenStatementsAcrossRollback() -> supportsOpenStatementsAcrossRollback
    boolean supportsTransactions() -> supportsTransactions
    boolean supportsTransactionIsolationLevel(int) -> supportsTransactionIsolationLevel
    boolean doesMaxRowSizeIncludeBlobs() -> doesMaxRowSizeIncludeBlobs
    boolean supportsDataDefinitionAndDataManipulationTransactions() -> supportsDataDefinitionAndDataManipulationTransactions
    boolean supportsDataManipulationTransactionsOnly() -> supportsDataManipulationTransactionsOnly
    boolean dataDefinitionCausesTransactionCommit() -> dataDefinitionCausesTransactionCommit
    boolean dataDefinitionIgnoredInTransactions() -> dataDefinitionIgnoredInTransactions
    boolean supportsResultSetType(int) -> supportsResultSetType
    boolean supportsResultSetConcurrency(int,int) -> supportsResultSetConcurrency
    boolean ownUpdatesAreVisible(int) -> ownUpdatesAreVisible
    boolean ownDeletesAreVisible(int) -> ownDeletesAreVisible
    boolean ownInsertsAreVisible(int) -> ownInsertsAreVisible
    boolean othersUpdatesAreVisible(int) -> othersUpdatesAreVisible
    boolean othersDeletesAreVisible(int) -> othersDeletesAreVisible
    boolean othersInsertsAreVisible(int) -> othersInsertsAreVisible
    boolean updatesAreDetected(int) -> updatesAreDetected
    boolean deletesAreDetected(int) -> deletesAreDetected
    boolean insertsAreDetected(int) -> insertsAreDetected
    boolean supportsBatchUpdates() -> supportsBatchUpdates
    void getDefault(java.lang.String,int,short,int) -> a
    void getLabel(java.lang.String,int,short) -> a
    void getIndexInfo(java.lang.String,int) -> a
    void getonUpdateAndOnDeleteAndDeferrability(java.lang.String) -> c
    void fillupSynonyms(java.lang.String,java.lang.String) -> a
    void fillupTables(java.lang.String,java.lang.String,java.lang.String) -> f
    void fillupPrimaryKeys(java.lang.String,java.lang.String) -> b
    void fillupIndexInfo(java.lang.String,java.lang.String) -> c
    void fillupForeignKeys(java.lang.String,java.lang.String) -> d
    void fillupColumnPrivileges(java.lang.String,java.lang.String) -> e
    void fillupTablePrivileges(java.lang.String,java.lang.String,java.lang.String) -> g
    java.lang.String createTempTable(java.lang.String,java.lang.String,java.lang.String) -> h
    java.lang.String createTempTable(java.lang.String,java.lang.String) -> f
    java.sql.ResultSet getAttributes(java.lang.String,java.lang.String,java.lang.String,java.lang.String) -> a
    int getDatabaseMajorVersion() -> a
    int getDatabaseMinorVersion() -> b
    int getJDBCMajorVersion() -> c
    int getJDBCMinorVersion() -> d
    int getResultSetHoldability() -> e
    int getSQLStateType() -> f
    java.sql.ResultSet getSuperTables(java.lang.String,java.lang.String,java.lang.String) -> d
    java.sql.ResultSet getSuperTypes(java.lang.String,java.lang.String,java.lang.String) -> e
    boolean locatorsUpdateCopy() -> g
    boolean supportsGetGeneratedKeys() -> h
    boolean supportsMultipleOpenResults() -> i
    boolean supportsNamedParameters() -> j
    boolean supportsResultSetHoldability(int) -> a
    boolean supportsSavepoints() -> k
    boolean supportsStatementPooling() -> l
    java.sql.ResultSet nullResultSet() -> m
com.transtools.jdbc.TTPreparedStatement -> com.transtools.jdbc.e:
    int MAX_FIELD_SIZE -> d
    com.transtools.jdbc.TTConnection connection -> e
    com.transtools.ctsql.CtsqlCursor ctsqlCursor -> f
    java.sql.ResultSet resultSet -> g
    com.transtools.ctsql.CtsqlType[] hosts -> h
    void setQueryTimeout(int) -> setQueryTimeout
    void setMaxFieldSize(int) -> setMaxFieldSize
    void setMaxRows(int) -> setMaxRows
    void setEscapeProcessing(boolean) -> setEscapeProcessing
    void setCursorName(java.lang.String) -> setCursorName
    void setObject(int,java.lang.Object) -> setObject
    void setShort(int,short) -> setShort
    void setInt(int,int) -> setInt
    void setDouble(int,double) -> setDouble
    void setString(int,java.lang.String) -> setString
    void setDate(int,java.sql.Date) -> setDate
    void setTime(int,java.sql.Time) -> setTime
    void setBoolean(int,boolean) -> setBoolean
    void setByte(int,byte) -> setByte
    void setLong(int,long) -> setLong
    void setFloat(int,float) -> setFloat
    void setBigDecimal(int,java.math.BigDecimal) -> setBigDecimal
    void setBytes(int,byte[]) -> setBytes
    void setTimestamp(int,java.sql.Timestamp) -> setTimestamp
    void setAsciiStream(int,java.io.InputStream,int) -> setAsciiStream
    void setUnicodeStream(int,java.io.InputStream,int) -> setUnicodeStream
    void setBinaryStream(int,java.io.InputStream,int) -> setBinaryStream
    void setObject(int,java.lang.Object,int,int) -> setObject
    void setObject(int,java.lang.Object,int) -> setObject
    void setNull(int,int) -> setNull
    void setRef(int,java.sql.Ref) -> setRef
    void setTimestamp(int,java.sql.Timestamp,java.util.Calendar) -> setTimestamp
    void setDate(int,java.sql.Date,java.util.Calendar) -> setDate
    void setNull(int,int,java.lang.String) -> setNull
    void setClob(int,java.sql.Clob) -> setClob
    void setBlob(int,java.sql.Blob) -> setBlob
    void setArray(int,java.sql.Array) -> setArray
    void setTime(int,java.sql.Time,java.util.Calendar) -> setTime
    void setFetchDirection(int) -> setFetchDirection
    void setFetchSize(int) -> setFetchSize
    void setCharacterStream(int,java.io.Reader,int) -> setCharacterStream
    java.sql.ResultSet getResultSet() -> getResultSet
    int getUpdateCount() -> getUpdateCount
    int getQueryTimeout() -> getQueryTimeout
    int getMaxFieldSize() -> getMaxFieldSize
    int getMaxRows() -> getMaxRows
    java.sql.SQLWarning getWarnings() -> getWarnings
    boolean getMoreResults() -> getMoreResults
    int getFetchSize() -> getFetchSize
    int getFetchDirection() -> getFetchDirection
    java.sql.Connection getConnection() -> getConnection
    java.sql.ResultSetMetaData getMetaData() -> getMetaData
    boolean execute(java.lang.String) -> execute
    java.sql.ResultSet executeQuery(java.lang.String) -> executeQuery
    int executeUpdate(java.lang.String) -> executeUpdate
    void close() -> close
    void cancel() -> cancel
    void clearWarnings() -> clearWarnings
    java.sql.ResultSet executeQuery() -> executeQuery
    int executeUpdate() -> executeUpdate
    boolean execute() -> execute
    void clearParameters() -> clearParameters
    int[] executeBatch() -> executeBatch
    void clearBatch() -> clearBatch
    void addBatch() -> addBatch
    void addBatch(java.lang.String) -> addBatch
    void finalize() -> finalize
    void setShort(int,java.lang.Short) -> a
    void setInt(int,java.lang.Integer) -> a
    void setDouble(int,java.lang.Double) -> a
    void resetStatement() -> f
    int findType(java.lang.Object) -> a
    java.lang.String convertToString(java.lang.Object) -> b
    java.lang.Short convertToShort(java.lang.Object) -> c
    java.lang.Integer convertToInt(java.lang.Object) -> d
    java.sql.Time convertToTime(java.lang.Object) -> e
    java.lang.Double convertToDouble(java.lang.Object) -> f
    java.sql.Date convertToDate(java.lang.Object) -> g
    java.sql.Timestamp convertToDateTime(java.lang.Object) -> h
    byte[] convertToBinary(java.lang.Object) -> i
    void setURL(int,java.net.URL) -> a
com.transtools.jdbc.TTResultSet -> com.transtools.jdbc.g:
    int row -> a
    com.transtools.ctsql.CtsqlCursor cursor -> b
    com.transtools.jdbc.TTStatement stmt -> c
    boolean wasNull -> d
    void setFetchDirection(int) -> setFetchDirection
    void setFetchSize(int) -> setFetchSize
    void setStatement(java.sql.Statement) -> a
    void setType(int) -> a
    void setTypeConcurrency(int) -> b
    java.lang.String getString(int) -> getString
    short getShort(int) -> getShort
    int getInt(int) -> getInt
    double getDouble(int) -> getDouble
    java.sql.Date getDate(int) -> getDate
    java.sql.Time getTime(int) -> getTime
    java.sql.ResultSetMetaData getMetaData() -> getMetaData
    java.lang.Object getObject(int) -> getObject
    java.lang.String getString(java.lang.String) -> getString
    short getShort(java.lang.String) -> getShort
    int getInt(java.lang.String) -> getInt
    double getDouble(java.lang.String) -> getDouble
    java.sql.Date getDate(java.lang.String) -> getDate
    java.sql.Time getTime(java.lang.String) -> getTime
    java.lang.Object getObject(java.lang.String) -> getObject
    boolean getBoolean(int) -> getBoolean
    byte getByte(int) -> getByte
    long getLong(int) -> getLong
    float getFloat(int) -> getFloat
    java.math.BigDecimal getBigDecimal(int,int) -> getBigDecimal
    byte[] getBytes(int) -> getBytes
    java.sql.Timestamp getTimestamp(int) -> getTimestamp
    java.io.InputStream getAsciiStream(int) -> getAsciiStream
    java.io.InputStream getUnicodeStream(int) -> getUnicodeStream
    java.io.InputStream getBinaryStream(int) -> getBinaryStream
    boolean getBoolean(java.lang.String) -> getBoolean
    byte getByte(java.lang.String) -> getByte
    long getLong(java.lang.String) -> getLong
    float getFloat(java.lang.String) -> getFloat
    java.math.BigDecimal getBigDecimal(java.lang.String,int) -> getBigDecimal
    byte[] getBytes(java.lang.String) -> getBytes
    java.sql.Timestamp getTimestamp(java.lang.String) -> getTimestamp
    java.io.InputStream getAsciiStream(java.lang.String) -> getAsciiStream
    java.io.InputStream getUnicodeStream(java.lang.String) -> getUnicodeStream
    java.io.InputStream getBinaryStream(java.lang.String) -> getBinaryStream
    java.sql.SQLWarning getWarnings() -> getWarnings
    java.lang.String getCursorName() -> getCursorName
    com.transtools.ctsql.CtsqlCursor getCursor() -> b
    int getFetchSize() -> getFetchSize
    boolean isAfterLast() -> isAfterLast
    java.sql.Array getArray(int) -> getArray
    java.sql.Array getArray(java.lang.String) -> getArray
    int getRow() -> getRow
    int getConcurrency() -> getConcurrency
    boolean isLast() -> isLast
    java.lang.Object getObject(int,java.util.Map) -> getObject
    java.lang.Object getObject(java.lang.String,java.util.Map) -> getObject
    java.sql.Ref getRef(int) -> getRef
    java.sql.Ref getRef(java.lang.String) -> getRef
    java.io.Reader getCharacterStream(int) -> getCharacterStream
    java.io.Reader getCharacterStream(java.lang.String) -> getCharacterStream
    boolean isBeforeFirst() -> isBeforeFirst
    java.sql.Clob getClob(int) -> getClob
    java.sql.Clob getClob(java.lang.String) -> getClob
    java.sql.Date getDate(int,java.util.Calendar) -> getDate
    java.sql.Date getDate(java.lang.String,java.util.Calendar) -> getDate
    boolean isFirst() -> isFirst
    java.sql.Time getTime(int,java.util.Calendar) -> getTime
    java.sql.Time getTime(java.lang.String,java.util.Calendar) -> getTime
    java.sql.Statement getStatement() -> getStatement
    java.sql.Blob getBlob(int) -> getBlob
    java.sql.Blob getBlob(java.lang.String) -> getBlob
    java.math.BigDecimal getBigDecimal(int) -> getBigDecimal
    java.math.BigDecimal getBigDecimal(java.lang.String) -> getBigDecimal
    int getType() -> getType
    int getFetchDirection() -> getFetchDirection
    java.sql.Timestamp getTimestamp(int,java.util.Calendar) -> getTimestamp
    java.sql.Timestamp getTimestamp(java.lang.String,java.util.Calendar) -> getTimestamp
    boolean next() -> next
    void close() -> close
    boolean wasNull() -> wasNull
    int findColumn(java.lang.String) -> findColumn
    void clearWarnings() -> clearWarnings
    void cancelRowUpdates() -> cancelRowUpdates
    boolean rowDeleted() -> rowDeleted
    void updateShort(int,short) -> updateShort
    void updateShort(java.lang.String,short) -> updateShort
    void updateBytes(int,byte[]) -> updateBytes
    void updateBytes(java.lang.String,byte[]) -> updateBytes
    void updateByte(int,byte) -> updateByte
    void updateByte(java.lang.String,byte) -> updateByte
    void updateTimestamp(int,java.sql.Timestamp) -> updateTimestamp
    void updateTimestamp(java.lang.String,java.sql.Timestamp) -> updateTimestamp
    void updateString(int,java.lang.String) -> updateString
    void updateString(java.lang.String,java.lang.String) -> updateString
    void moveToInsertRow() -> moveToInsertRow
    void updateInt(int,int) -> updateInt
    void updateInt(java.lang.String,int) -> updateInt
    void updateObject(int,java.lang.Object) -> updateObject
    void updateObject(int,java.lang.Object,int) -> updateObject
    void updateObject(java.lang.String,java.lang.Object) -> updateObject
    void updateObject(java.lang.String,java.lang.Object,int) -> updateObject
    boolean relative(int) -> relative
    void deleteRow() -> deleteRow
    boolean rowUpdated() -> rowUpdated
    boolean last() -> last
    boolean absolute(int) -> absolute
    boolean previous() -> previous
    void moveToCurrentRow() -> moveToCurrentRow
    void updateFloat(int,float) -> updateFloat
    void updateFloat(java.lang.String,float) -> updateFloat
    void afterLast() -> afterLast
    void updateBigDecimal(int,java.math.BigDecimal) -> updateBigDecimal
    void updateBigDecimal(java.lang.String,java.math.BigDecimal) -> updateBigDecimal
    void updateRow() -> updateRow
    boolean rowInserted() -> rowInserted
    void updateNull(int) -> updateNull
    void updateNull(java.lang.String) -> updateNull
    void updateDouble(int,double) -> updateDouble
    void updateDouble(java.lang.String,double) -> updateDouble
    void updateTime(int,java.sql.Time) -> updateTime
    void updateTime(java.lang.String,java.sql.Time) -> updateTime
    void updateAsciiStream(int,java.io.InputStream,int) -> updateAsciiStream
    void updateAsciiStream(java.lang.String,java.io.InputStream,int) -> updateAsciiStream
    void updateLong(int,long) -> updateLong
    void updateLong(java.lang.String,long) -> updateLong
    void updateBoolean(int,boolean) -> updateBoolean
    void updateBoolean(java.lang.String,boolean) -> updateBoolean
    void updateBinaryStream(int,java.io.InputStream,int) -> updateBinaryStream
    void updateBinaryStream(java.lang.String,java.io.InputStream,int) -> updateBinaryStream
    void updateDate(int,java.sql.Date) -> updateDate
    void updateDate(java.lang.String,java.sql.Date) -> updateDate
    void beforeFirst() -> beforeFirst
    void insertRow() -> insertRow
    void updateCharacterStream(int,java.io.Reader,int) -> updateCharacterStream
    void updateCharacterStream(java.lang.String,java.io.Reader,int) -> updateCharacterStream
    void refreshRow() -> refreshRow
    boolean first() -> first
    void setWasNull(boolean) -> a
    java.sql.Timestamp getDateTime(int) -> d
    java.lang.String getTableName() -> a
    java.net.URL getURL(int) -> c
    java.net.URL getURL(java.lang.String) -> b
    void updateArray(int,java.sql.Array) -> a
    void updateArray(java.lang.String,java.sql.Array) -> a
    void updateBlob(int,java.sql.Blob) -> a
    void updateBlob(java.lang.String,java.sql.Blob) -> a
    void updateClob(int,java.sql.Clob) -> a
    void updateClob(java.lang.String,java.sql.Clob) -> a
    void updateRef(int,java.sql.Ref) -> a
    void updateRef(java.lang.String,java.sql.Ref) -> a
com.transtools.jdbc.TTResultSetCatalog -> com.transtools.jdbc.j:
    java.lang.String tablename -> a
    java.sql.Connection connection -> b
    void setTableName(java.lang.String) -> a
    java.lang.String getTableName() -> a
    void close() -> close
    java.lang.String rTrim(java.lang.String) -> c
    java.lang.String getString(int) -> getString
    java.lang.String getString(java.lang.String) -> getString
com.transtools.jdbc.TTResultSetMetaData -> com.transtools.jdbc.a:
    com.transtools.ctsql.CtsqlCursor cursor -> a
    int getColumnCount() -> getColumnCount
    int getColumnType(int) -> getColumnType
    java.lang.String getColumnTypeName(int) -> getColumnTypeName
    int getColumnDisplaySize(int) -> getColumnDisplaySize
    java.lang.String getColumnLabel(int) -> getColumnLabel
    java.lang.String getColumnName(int) -> getColumnName
    boolean isAutoIncrement(int) -> isAutoIncrement
    boolean isCaseSensitive(int) -> isCaseSensitive
    boolean isSearchable(int) -> isSearchable
    boolean isCurrency(int) -> isCurrency
    boolean isSigned(int) -> isSigned
    java.lang.String getSchemaName(int) -> getSchemaName
    int getPrecision(int) -> getPrecision
    int getScale(int) -> getScale
    java.lang.String getTableName(int) -> getTableName
    java.lang.String getCatalogName(int) -> getCatalogName
    boolean isReadOnly(int) -> isReadOnly
    boolean isWritable(int) -> isWritable
    boolean isDefinitelyWritable(int) -> isDefinitelyWritable
    int isNullable(int) -> isNullable
    java.lang.String getColumnClassName(int) -> getColumnClassName
com.transtools.jdbc.TTStatement -> com.transtools.jdbc.h:
    int MAX_FIELD_SIZE -> d
    int typeResultSet -> e
    int typeConcurrency -> f
    com.transtools.jdbc.TTConnection connection -> g
    java.lang.String cursorName -> h
    int nRows -> i
    java.lang.String myStatement -> j
    java.sql.ResultSet resultSet -> k
    int lastGeneratedSerial -> a
    boolean generatedSerial -> b
    int rowIdAfterInsert -> c
    void setTypeResultSet(int) -> a
    void setTypeConcurrency(int) -> b
    void setQueryTimeout(int) -> setQueryTimeout
    void setMaxFieldSize(int) -> setMaxFieldSize
    void setMaxRows(int) -> setMaxRows
    void setEscapeProcessing(boolean) -> setEscapeProcessing
    void setCursorName(java.lang.String) -> setCursorName
    void setFetchDirection(int) -> setFetchDirection
    void setFetchSize(int) -> setFetchSize
    void setMyStatement(java.lang.String) -> a
    java.lang.String getMyStatement() -> a
    java.sql.ResultSet getResultSet() -> getResultSet
    int getUpdateCount() -> getUpdateCount
    int getQueryTimeout() -> getQueryTimeout
    int getMaxFieldSize() -> getMaxFieldSize
    int getMaxRows() -> getMaxRows
    java.sql.SQLWarning getWarnings() -> getWarnings
    boolean getMoreResults() -> getMoreResults
    int getResultSetConcurrency() -> getResultSetConcurrency
    java.sql.Connection getConnection() -> getConnection
    int getFetchSize() -> getFetchSize
    int getResultSetType() -> getResultSetType
    int getFetchDirection() -> getFetchDirection
    boolean execute(java.lang.String) -> execute
    java.sql.ResultSet executeQuery(java.lang.String) -> executeQuery
    java.sql.ResultSet executeQueryCatalog(java.lang.String) -> b
    boolean executeCatalog(java.lang.String) -> c
    int executeUpdate(java.lang.String) -> executeUpdate
    int getSerial() -> b
    void setLastGeneratedSerial(int) -> e
    int getRowIdAfterInsert() -> c
    void setRowIdAfterInsert(int) -> c
    void close() -> close
    void cancel() -> cancel
    void clearWarnings() -> clearWarnings
    int[] executeBatch() -> executeBatch
    void clearBatch() -> clearBatch
    void addBatch(java.lang.String) -> addBatch
    void finalize() -> finalize
    boolean execute(java.lang.String,int) -> a
    boolean execute(java.lang.String,int[]) -> a
    boolean execute(java.lang.String,java.lang.String[]) -> a
    int executeUpdate(java.lang.String,int) -> b
    int executeUpdate(java.lang.String,int[]) -> b
    int executeUpdate(java.lang.String,java.lang.String[]) -> b
    java.sql.ResultSet getGeneratedKeys() -> d
    boolean getMoreResults(int) -> d
    int getResultSetHoldability() -> e
com.transtools.jdbc.metadata.FixedResultsetColumnMetadata -> com.transtools.jdbc.metadata.c:
    java.lang.String name -> a
    java.lang.String tableName -> b
    int type -> c
    java.lang.String className -> d
    int displaySize -> e
    java.lang.String label -> f
    java.lang.String typeName -> g
    int precision -> h
    int scale -> i
    boolean autoIncrement -> j
    boolean caseSensitive -> k
    boolean currency -> l
    boolean definitelyWritable -> m
    int nullable -> n
    boolean readOnly -> o
    boolean searchable -> p
    boolean signed -> q
    boolean writable -> r
    java.lang.String getName() -> a
    void setName(java.lang.String) -> a
    java.lang.String getTableName() -> b
    void setTableName(java.lang.String) -> b
    int getType() -> c
    void setType(int) -> a
    java.lang.String getClassName() -> d
    void setClassName(java.lang.String) -> c
    int getDisplaySize() -> e
    void setDisplaySize(int) -> b
    java.lang.String getLabel() -> f
    void setLabel(java.lang.String) -> d
    java.lang.String getTypeName() -> g
    void setTypeName(java.lang.String) -> e
    int getPrecision() -> h
    void setPrecision(int) -> c
    int getScale() -> i
    void setScale(int) -> d
    boolean isAutoIncrement() -> j
    void setAutoIncrement(boolean) -> a
    boolean isCaseSensitive() -> k
    void setCaseSensitive(boolean) -> b
    boolean isCurrency() -> l
    void setCurrency(boolean) -> c
    boolean isDefinitelyWritable() -> m
    void setDefinitelyWritable(boolean) -> d
    int isNullable() -> n
    void setNullable(int) -> e
    boolean isReadOnly() -> o
    void setReadOnly(boolean) -> e
    boolean isSearchable() -> p
    void setSearchable(boolean) -> f
    boolean isSigned() -> q
    void setSigned(boolean) -> g
    boolean isWritable() -> r
    void setWritable(boolean) -> h
com.transtools.jdbc.metadata.FixedResultsetMetadata -> com.transtools.jdbc.metadata.b:
    com.transtools.jdbc.metadata.FixedResultsetColumnMetadata[] columnMetadata -> a
    java.lang.String getColumnClassName(int) -> getColumnClassName
    int getColumnCount() -> getColumnCount
    int getColumnDisplaySize(int) -> getColumnDisplaySize
    java.lang.String getColumnLabel(int) -> getColumnLabel
    java.lang.String getColumnName(int) -> getColumnName
    int getColumnType(int) -> getColumnType
    java.lang.String getColumnTypeName(int) -> getColumnTypeName
    int getPrecision(int) -> getPrecision
    int getScale(int) -> getScale
    java.lang.String getTableName(int) -> getTableName
    boolean isAutoIncrement(int) -> isAutoIncrement
    boolean isCaseSensitive(int) -> isCaseSensitive
    boolean isCurrency(int) -> isCurrency
    boolean isDefinitelyWritable(int) -> isDefinitelyWritable
    int isNullable(int) -> isNullable
    boolean isReadOnly(int) -> isReadOnly
    boolean isSearchable(int) -> isSearchable
    boolean isSigned(int) -> isSigned
    boolean isWritable(int) -> isWritable
com.transtools.jdbc.metadata.ForeignKeyRow -> com.transtools.jdbc.metadata.h:
    java.lang.String[] columns -> p
    int PKTABLE_CAT -> a
    int PKTABLE_SCHEM -> b
    int PKTABLE_NAME -> c
    int PKCOLUMN_NAME -> d
    int FKTABLE_CAT -> e
    int FKTABLE_SCHEM -> f
    int FKTABLE_NAME -> g
    int FKCOLUMN_NAME -> h
    int KEY_SEQ -> i
    int UPDATE_RULE -> j
    int DELETE_RULE -> k
    int FK_NAME -> l
    int PK_NAME -> m
    int DEFERRABILITY -> n
    java.lang.String[] values -> o
    void setProperty(java.lang.String,java.lang.String) -> a
    void setProperty(int,java.lang.String) -> a
    int getPropertyIndex(java.lang.String) -> a
    java.lang.String getProperty(java.lang.String) -> b
    java.lang.String getProperty(int) -> a
    java.lang.String[] getPropertyNames() -> a
com.transtools.jdbc.metadata.IPropertiesBean -> com.transtools.jdbc.metadata.g:
    java.lang.String[] getPropertyNames() -> a
    java.lang.String getProperty(java.lang.String) -> b
    java.lang.String getProperty(int) -> a
    void setProperty(java.lang.String,java.lang.String) -> a
    void setProperty(int,java.lang.String) -> a
    int getPropertyIndex(java.lang.String) -> a
com.transtools.jdbc.metadata.PrimaryKeyRow -> com.transtools.jdbc.metadata.f:
    java.lang.String[] columns -> h
    int TABLE_CAT -> a
    int TABLE_SCHEM -> b
    int TABLE_NAME -> c
    int COLUMN_NAME -> d
    int KEY_SEQ -> e
    int PK_NAME -> f
    java.lang.String[] values -> g
    void setProperty(java.lang.String,java.lang.String) -> a
    void setProperty(int,java.lang.String) -> a
    int getPropertyIndex(java.lang.String) -> a
    java.lang.String getProperty(java.lang.String) -> b
    java.lang.String getProperty(int) -> a
    java.lang.String[] getPropertyNames() -> a
com.transtools.jdbc.metadata.PropertiesBeanResultset -> com.transtools.jdbc.metadata.a:
    java.util.List rows -> a
    int currentRowIdx -> b
    com.transtools.jdbc.metadata.FixedResultsetMetadata metadata -> c
    void add(com.transtools.jdbc.metadata.IPropertiesBean) -> a
    com.transtools.jdbc.metadata.IPropertiesBean getCurrentRow() -> a
    boolean absolute(int) -> absolute
    void afterLast() -> afterLast
    void beforeFirst() -> beforeFirst
    void close() -> close
    int findColumn(java.lang.String) -> findColumn
    boolean first() -> first
    java.math.BigDecimal getBigDecimal(int) -> getBigDecimal
    java.math.BigDecimal getBigDecimal(java.lang.String) -> getBigDecimal
    boolean getBoolean(int) -> getBoolean
    boolean getBoolean(java.lang.String) -> getBoolean
    int getInt(int) -> getInt
    int getInt(java.lang.String) -> getInt
    long getLong(int) -> getLong
    long getLong(java.lang.String) -> getLong
    java.lang.Object getObject(int) -> getObject
    java.lang.Object getObject(java.lang.String) -> getObject
    int getRow() -> getRow
    short getShort(int) -> getShort
    short getShort(java.lang.String) -> getShort
    java.lang.String getString(int) -> getString
    java.lang.String getString(java.lang.String) -> getString
    boolean isAfterLast() -> isAfterLast
    boolean isBeforeFirst() -> isBeforeFirst
    boolean isFirst() -> isFirst
    boolean isLast() -> isLast
    boolean last() -> last
    boolean next() -> next
    boolean previous() -> previous
    boolean relative(int) -> relative
    java.sql.ResultSetMetaData getMetaData() -> getMetaData
    boolean wasNull() -> wasNull
com.transtools.jdbc.metadata.Syscolumn -> com.transtools.jdbc.metadata.d:
    java.lang.String colname -> a
    int coltype -> b
    int collength -> c
    java.lang.String getColname() -> a
    void setColname(java.lang.String) -> a
    int getColtype() -> b
    void setColtype(int) -> a
    int getCollength() -> c
    void setCollength(int) -> b
com.transtools.jdbc.metadata.Systable -> com.transtools.jdbc.metadata.j:
    java.lang.String tabname -> b
    java.lang.String owner -> c
    int tabid -> d
    int[] parts -> e
    java.util.List columns -> a
    java.lang.String getTabname() -> a
    void setTabname(java.lang.String) -> a
    java.lang.String getOwner() -> b
    void setOwner(java.lang.String) -> b
    int getTabid() -> c
    void setTabid(int) -> a
    java.util.List getColumns() -> d
    void setColumns(java.util.List) -> a
    int[] getParts() -> e
    void setParts(int[]) -> a
com.transtools.jdbc.metadata.VoidResultsetAdapter -> com.transtools.jdbc.metadata.i:
    boolean absolute(int) -> absolute
    void afterLast() -> afterLast
    void beforeFirst() -> beforeFirst
    void cancelRowUpdates() -> cancelRowUpdates
    void clearWarnings() -> clearWarnings
    void close() -> close
    void deleteRow() -> deleteRow
    int findColumn(java.lang.String) -> findColumn
    boolean first() -> first
    java.sql.Array getArray(int) -> getArray
    java.sql.Array getArray(java.lang.String) -> getArray
    java.io.InputStream getAsciiStream(int) -> getAsciiStream
    java.io.InputStream getAsciiStream(java.lang.String) -> getAsciiStream
    java.math.BigDecimal getBigDecimal(int) -> getBigDecimal
    java.math.BigDecimal getBigDecimal(java.lang.String) -> getBigDecimal
    java.math.BigDecimal getBigDecimal(int,int) -> getBigDecimal
    java.math.BigDecimal getBigDecimal(java.lang.String,int) -> getBigDecimal
    java.io.InputStream getBinaryStream(int) -> getBinaryStream
    java.io.InputStream getBinaryStream(java.lang.String) -> getBinaryStream
    java.sql.Blob getBlob(int) -> getBlob
    java.sql.Blob getBlob(java.lang.String) -> getBlob
    boolean getBoolean(int) -> getBoolean
    boolean getBoolean(java.lang.String) -> getBoolean
    byte getByte(int) -> getByte
    byte getByte(java.lang.String) -> getByte
    byte[] getBytes(int) -> getBytes
    byte[] getBytes(java.lang.String) -> getBytes
    java.io.Reader getCharacterStream(int) -> getCharacterStream
    java.io.Reader getCharacterStream(java.lang.String) -> getCharacterStream
    java.sql.Clob getClob(int) -> getClob
    java.sql.Clob getClob(java.lang.String) -> getClob
    int getConcurrency() -> getConcurrency
    java.lang.String getCursorName() -> getCursorName
    java.sql.Date getDate(int) -> getDate
    java.sql.Date getDate(java.lang.String) -> getDate
    java.sql.Date getDate(int,java.util.Calendar) -> getDate
    java.sql.Date getDate(java.lang.String,java.util.Calendar) -> getDate
    double getDouble(int) -> getDouble
    double getDouble(java.lang.String) -> getDouble
    int getFetchDirection() -> getFetchDirection
    int getFetchSize() -> getFetchSize
    float getFloat(int) -> getFloat
    float getFloat(java.lang.String) -> getFloat
    int getInt(int) -> getInt
    int getInt(java.lang.String) -> getInt
    long getLong(int) -> getLong
    long getLong(java.lang.String) -> getLong
    java.sql.ResultSetMetaData getMetaData() -> getMetaData
    java.lang.Object getObject(int) -> getObject
    java.lang.Object getObject(java.lang.String) -> getObject
    java.lang.Object getObject(int,java.util.Map) -> getObject
    java.lang.Object getObject(java.lang.String,java.util.Map) -> getObject
    java.sql.Ref getRef(int) -> getRef
    java.sql.Ref getRef(java.lang.String) -> getRef
    int getRow() -> getRow
    short getShort(int) -> getShort
    short getShort(java.lang.String) -> getShort
    java.sql.Statement getStatement() -> getStatement
    java.lang.String getString(int) -> getString
    java.lang.String getString(java.lang.String) -> getString
    java.sql.Time getTime(int) -> getTime
    java.sql.Time getTime(java.lang.String) -> getTime
    java.sql.Time getTime(int,java.util.Calendar) -> getTime
    java.sql.Time getTime(java.lang.String,java.util.Calendar) -> getTime
    java.sql.Timestamp getTimestamp(int) -> getTimestamp
    java.sql.Timestamp getTimestamp(java.lang.String) -> getTimestamp
    java.sql.Timestamp getTimestamp(int,java.util.Calendar) -> getTimestamp
    java.sql.Timestamp getTimestamp(java.lang.String,java.util.Calendar) -> getTimestamp
    int getType() -> getType
    java.io.InputStream getUnicodeStream(int) -> getUnicodeStream
    java.io.InputStream getUnicodeStream(java.lang.String) -> getUnicodeStream
    java.sql.SQLWarning getWarnings() -> getWarnings
    void insertRow() -> insertRow
    boolean isAfterLast() -> isAfterLast
    boolean isBeforeFirst() -> isBeforeFirst
    boolean isFirst() -> isFirst
    boolean isLast() -> isLast
    boolean last() -> last
    void moveToCurrentRow() -> moveToCurrentRow
    void moveToInsertRow() -> moveToInsertRow
    boolean next() -> next
    boolean previous() -> previous
    void refreshRow() -> refreshRow
    boolean relative(int) -> relative
    boolean rowDeleted() -> rowDeleted
    boolean rowInserted() -> rowInserted
    boolean rowUpdated() -> rowUpdated
    void setFetchDirection(int) -> setFetchDirection
    void setFetchSize(int) -> setFetchSize
    void updateAsciiStream(int,java.io.InputStream,int) -> updateAsciiStream
    void updateAsciiStream(java.lang.String,java.io.InputStream,int) -> updateAsciiStream
    void updateBigDecimal(int,java.math.BigDecimal) -> updateBigDecimal
    void updateBigDecimal(java.lang.String,java.math.BigDecimal) -> updateBigDecimal
    void updateBinaryStream(int,java.io.InputStream,int) -> updateBinaryStream
    void updateBinaryStream(java.lang.String,java.io.InputStream,int) -> updateBinaryStream
    void updateBoolean(int,boolean) -> updateBoolean
    void updateBoolean(java.lang.String,boolean) -> updateBoolean
    void updateByte(int,byte) -> updateByte
    void updateByte(java.lang.String,byte) -> updateByte
    void updateBytes(int,byte[]) -> updateBytes
    void updateBytes(java.lang.String,byte[]) -> updateBytes
    void updateCharacterStream(int,java.io.Reader,int) -> updateCharacterStream
    void updateCharacterStream(java.lang.String,java.io.Reader,int) -> updateCharacterStream
    void updateDate(int,java.sql.Date) -> updateDate
    void updateDate(java.lang.String,java.sql.Date) -> updateDate
    void updateDouble(int,double) -> updateDouble
    void updateDouble(java.lang.String,double) -> updateDouble
    void updateFloat(int,float) -> updateFloat
    void updateFloat(java.lang.String,float) -> updateFloat
    void updateInt(int,int) -> updateInt
    void updateInt(java.lang.String,int) -> updateInt
    void updateLong(int,long) -> updateLong
    void updateLong(java.lang.String,long) -> updateLong
    void updateNull(int) -> updateNull
    void updateNull(java.lang.String) -> updateNull
    void updateObject(int,java.lang.Object) -> updateObject
    void updateObject(java.lang.String,java.lang.Object) -> updateObject
    void updateObject(int,java.lang.Object,int) -> updateObject
    void updateObject(java.lang.String,java.lang.Object,int) -> updateObject
    void updateRow() -> updateRow
    void updateShort(int,short) -> updateShort
    void updateShort(java.lang.String,short) -> updateShort
    void updateString(int,java.lang.String) -> updateString
    void updateString(java.lang.String,java.lang.String) -> updateString
    void updateTime(int,java.sql.Time) -> updateTime
    void updateTime(java.lang.String,java.sql.Time) -> updateTime
    void updateTimestamp(int,java.sql.Timestamp) -> updateTimestamp
    void updateTimestamp(java.lang.String,java.sql.Timestamp) -> updateTimestamp
    boolean wasNull() -> wasNull
com.transtools.jdbc.metadata.VoidResultsetMetadataAdapter -> com.transtools.jdbc.metadata.e:
    java.lang.String getCatalogName(int) -> getCatalogName
    java.lang.String getColumnClassName(int) -> getColumnClassName
    int getColumnCount() -> getColumnCount
    int getColumnDisplaySize(int) -> getColumnDisplaySize
    java.lang.String getColumnLabel(int) -> getColumnLabel
    java.lang.String getColumnName(int) -> getColumnName
    int getColumnType(int) -> getColumnType
    java.lang.String getColumnTypeName(int) -> getColumnTypeName
    int getPrecision(int) -> getPrecision
    int getScale(int) -> getScale
    java.lang.String getSchemaName(int) -> getSchemaName
    java.lang.String getTableName(int) -> getTableName
    boolean isAutoIncrement(int) -> isAutoIncrement
    boolean isCaseSensitive(int) -> isCaseSensitive
    boolean isCurrency(int) -> isCurrency
    boolean isDefinitelyWritable(int) -> isDefinitelyWritable
    int isNullable(int) -> isNullable
    boolean isReadOnly(int) -> isReadOnly
    boolean isSearchable(int) -> isSearchable
    boolean isSigned(int) -> isSigned
    boolean isWritable(int) -> isWritable
