com.transtools.ctsql.CtsqlBinary -> com.transtools.ctsql.l:
    java.lang.String getAsString() -> f
    byte[] setAsString(java.lang.String) -> a
    byte[] getAsBytes() -> a
com.transtools.ctsql.CtsqlChannel -> com.transtools.ctsql.j:
    void flush() -> a
    void readData(byte[],int,int) -> a
    void writeData(byte[],int) -> a
    void close() -> b
com.transtools.ctsql.CtsqlChar -> com.transtools.ctsql.d:
    java.lang.String getAsString() -> f
    short getAsShort() -> a
    int getAsInteger() -> g
    java.util.Calendar getAsDateCalendar() -> h
    java.util.Calendar getAsTimeCalendar() -> j
    java.util.Calendar getAsDateTimeCalendar() -> k
    double getAsDouble() -> m
    byte[] getAsByte() -> l
    java.lang.String setAsString(java.lang.String) -> a
    java.lang.String setAsShort(short) -> a
    java.lang.String setAsInteger(int) -> a
    java.lang.String setAsDouble(double) -> a
    java.lang.String setAsDateCalendar(java.sql.Date) -> a
    java.lang.String setAsTimeCalendar(java.sql.Time) -> a
    java.lang.String setAsBigDecimal(java.math.BigDecimal) -> a
com.transtools.ctsql.CtsqlConstants -> com.transtools.ctsql.b:
    short FNEMPTY -> a
    short FNDBCHANGE -> b
    short FNSELECT -> c
    short FNINTOTMP -> d
    short FNUPD -> e
    short FNDEL -> f
    short FNINSERTV -> g
    short FNWCUPD -> h
    short FNWCDEL -> i
    short FNINSERT -> j
    short FNLOCK -> k
    short FNUNLOCK -> l
    short FNDBCREATE -> m
    short FNDBDROP -> n
    short FNCREATAB -> o
    short FNDROPTAB -> p
    short FNCREAIDX -> q
    short FNDROPIDX -> r
    short FNDGRANT -> s
    short FNREVOKE -> t
    short FNRENTAB -> u
    short FNRENCOL -> v
    short FNALTTAB -> w
    short FNUPDSTAT -> x
    short FNDBCLOSE -> y
    short FNNWDEL -> z
    short FNNWUPD -> A
    short FNBEGWORK -> B
    short FNCOMMIT -> C
    short FNROLLBACK -> D
    short FNSAVEPOINT -> E
    short FNSTARTDB -> F
    short FNFORWARD -> G
    short FNCREVIEW -> H
    short FNDROPVIEW -> I
    short FNCREASYN -> J
    short FNDROPSYN -> K
    short FNCTEMP -> L
    short Z_CTSQLVERS -> M
    short W_ROWSIZE -> N
    short LARGEBUF -> O
    short MEDIUMBUF -> P
    short SMALLBUF -> Q
    short SQ_ID -> R
    short SQ_PARSE -> S
    short SQ_EXECUTE -> T
    short SQ_OPEN -> U
    short SQ_NFETCH -> V
    short SQ_CLOSE -> W
    short SQ_CURNAME -> X
    short SQ_HOST -> Y
    short SQ_DESCRIBE -> Z
    short SQ_RELEASE -> aa
    short SQ_EOT -> ab
    short SQ_FETCH -> ac
    short SQ_TRAVEL -> ad
    short SQ_PUSHCTL -> ae
    short SQ_POPCTL -> af
    short SQ_PUTENV -> ag
    short SQ_PUTSCROLL -> ah
    int SQ_FAIL -> ai
    int SQ_DONE -> aj
    int SQ_TUPLE -> ak
    int SQ_ERR -> al
    int SQ_LCKWARN -> am
    short EMPTY -> an
    int SQLNOTFOUND -> ao
    short C_PREV -> ap
    short C_EOF -> aq
    short C_BOF -> ar
    short C_SQEOF -> as
    short C_PREPD -> at
    short C_OPEN -> au
com.transtools.ctsql.CtsqlCursor -> com.transtools.ctsql.h:
    short ISFIRST -> a
    short ISLAST -> b
    short ISNEXT -> c
    short ISPREV -> d
    int NONORETUPLES -> e
    void open(com.transtools.ctsql.CtsqlType[]) -> b
    void prepare(java.lang.String) -> b
    void execute(com.transtools.ctsql.CtsqlType[]) -> a
    void fetch() -> q
    boolean fetchMode(short) -> a
    boolean scrollFetch(int) -> r
    void close() -> p
    void release() -> r
    boolean isSelectStatement() -> i
    int getColumnCount() -> f
    int getUpdateCount() -> g
    short getStat() -> b
    int getHostsNumber() -> e
    int getLastError() -> j
    java.lang.String getLastErrorString() -> k
    java.sql.SQLWarning getWarnings() -> l
    java.lang.String getName() -> h
    void setName(java.lang.String) -> a
    com.transtools.ctsql.CtsqlChar getCtsqlChar(int) -> j
    void setCtsqlChar(int,com.transtools.ctsql.CtsqlChar) -> a
    void setCtsqlBinary(int,com.transtools.ctsql.CtsqlBinary) -> a
    void setCtsqlDate(int,com.transtools.ctsql.CtsqlDate) -> a
    void setCtsqlDateTime(int,com.transtools.ctsql.CtsqlDateTime) -> a
    void setCtsqlTime(int,com.transtools.ctsql.CtsqlTime) -> a
    void setCtsqlDecimal(int,com.transtools.ctsql.CtsqlDecimal) -> a
    com.transtools.ctsql.CtsqlDate getCtsqlDate(int) -> l
    com.transtools.ctsql.CtsqlDateTime getCtsqlDateTime(int) -> m
    com.transtools.ctsql.CtsqlBinary getCtsqlBinary(int) -> n
    com.transtools.ctsql.CtsqlSmallint getCtsqlSmallint(int) -> k
    com.transtools.ctsql.CtsqlInteger getCtsqlInteger(int) -> p
    com.transtools.ctsql.CtsqlTime getCtsqlTime(int) -> o
    com.transtools.ctsql.CtsqlDecimal getCtsqlDecimal(int) -> q
    int findColumn(java.lang.String) -> c
    int getColumnType(int) -> a
    int getColumnLength(int) -> b
    int getColumnDisplaySize(int) -> g
    java.lang.String getColumnTypeName(int) -> f
    java.lang.String getColumnLabel(int) -> e
    java.lang.String getColumnName(int) -> c
    java.lang.String getTableName(int) -> d
    int getPrecision(int) -> h
    int getScale(int) -> i
    boolean isOpen() -> m
    int getRow() -> a
    boolean getIsLast() -> c
    boolean getIsAfterLast() -> d
    void update(java.lang.String) -> d
    void insert(java.lang.String) -> e
    void delete(java.lang.String) -> f
    void moveToInsertRow() -> s
    int getSerial() -> n
    int getRowIdAfterInsert() -> o
    boolean hasSerial() -> t
com.transtools.ctsql.CtsqlDate -> com.transtools.ctsql.i:
    java.util.Calendar getAsCalendar() -> a
    java.lang.String getAsString() -> f
    java.util.Calendar setAsString(java.lang.String) -> a
com.transtools.ctsql.CtsqlDateTime -> com.transtools.ctsql.f:
    java.util.Calendar getAsCalendar() -> a
    java.lang.String getAsString() -> f
    java.util.Calendar setAsString(java.lang.String) -> a
com.transtools.ctsql.CtsqlDecimal -> com.transtools.ctsql.m:
    double getAsDouble() -> a
    short getAsShort() -> g
    int getAsInteger() -> h
    java.lang.String getAsString() -> f
    double setAsDouble(double) -> a
    double setAsShort(short) -> a
    double setAsInteger(int) -> a
    double setAsLong(long) -> a
    double setAsFloat(float) -> a
    double setAsString(java.lang.String) -> a
    double setAsBigDecimal(java.math.BigDecimal) -> a
com.transtools.ctsql.CtsqlException -> com.transtools.ctsql.n:
    java.lang.Throwable throwable -> p
    int type -> q
    java.lang.String message -> r
    java.lang.Object[] args -> s
    int isamError -> t
    int WRAPPER -> a
    int SERVER_NOT_CONNECTED -> b
    int CONNECTION_NOT_OPEN -> c
    int STATEMENT_NOT_PREPARED -> d
    int STATEMENT_NOT_OPEN -> e
    int BAD_ROW_SIZE -> f
    int INVALID_COLUMN_TYPE -> g
    int ILLEGAL_CONVERSION_TYPE -> h
    int RESULSET_TYPE_FOWARDONLY -> i
    int RESULSET_CONCUR_READONLY -> j
    int ROW_ZERO -> k
    int CANNOT_FIND_TABLE_NAME -> l
    int COMMUNICATION_INTERRUPTED -> m
    int LOCKED_BY_ANOTHER_USER -> n
    java.lang.String PROPS_FILE_NAME -> u
    java.util.Properties props -> v
    java.lang.Class class$0 -> o
    138:138:java.lang.Throwable getInnerThrowable() -> a
    148:155:java.lang.String getMessage() -> getMessage
    165:165:java.lang.Object[] getParams() -> b
    175:175:int getType() -> c
    186:218:java.lang.String formatWithArgs(java.lang.String) -> a
    229:238:java.lang.String getMessage(int) -> a
    248:254:java.util.Properties loadProperties() -> d
com.transtools.ctsql.CtsqlFactory -> com.transtools.ctsql.c:
    com.transtools.ctsql.CtsqlFactory factory -> a
    com.transtools.ctsql.CtsqlServer getNewServer() -> a
    com.transtools.ctsql.CtsqlCursor getNewCursor(com.transtools.ctsql.CtsqlServer) -> a
    com.transtools.ctsql.CtsqlChar getNewChar(java.lang.String) -> a
    com.transtools.ctsql.CtsqlDate getNewDate(java.util.Calendar) -> a
    com.transtools.ctsql.CtsqlDateTime getNewDateTime(java.util.Calendar) -> c
    com.transtools.ctsql.CtsqlTime getNewTime(java.util.Calendar) -> b
    com.transtools.ctsql.CtsqlDecimal getNewDecimal(java.lang.Double) -> a
    com.transtools.ctsql.CtsqlInteger getNewInteger(java.lang.Integer) -> a
    com.transtools.ctsql.CtsqlSmallint getNewSmallint(java.lang.Short) -> a
    com.transtools.ctsql.CtsqlDecimal getNewDecimal(double) -> a
    com.transtools.ctsql.CtsqlInteger getNewInteger(int) -> a
    com.transtools.ctsql.CtsqlSmallint getNewSmallint(short) -> a
    com.transtools.ctsql.CtsqlBinary getNewBinary(byte[]) -> a
    138:138:com.transtools.ctsql.CtsqlFactory getFactory() -> b
com.transtools.ctsql.CtsqlInteger -> com.transtools.ctsql.g:
    int getAsInt() -> a
    short getAsShort() -> g
    java.lang.String getAsString() -> f
    double getAsDouble() -> h
    int setAsInt(int) -> a
    int setAsShort(short) -> a
    int setAsString(java.lang.String) -> a
    int setAsDouble(double) -> a
    int setAsBigDecimal(java.math.BigDecimal) -> a
com.transtools.ctsql.CtsqlServer -> com.transtools.ctsql.o:
    void connect(com.transtools.ctsql.CtsqlChannel,java.lang.String,java.lang.String,java.lang.String,java.lang.String[]) -> a
    void disconnect() -> h
    boolean isConnected() -> e
    int getConvert() -> a
    void setConvert(int) -> a
    void setChannel(java.io.InputStream,java.io.OutputStream) -> a
    void setConnected() -> m
    boolean getRTrimChar() -> n
    void setRTrimChar(boolean) -> b
    int getLastSerial() -> o
    int getLastRowid() -> p
    void putEnv(java.lang.String) -> c
com.transtools.ctsql.CtsqlSmallint -> com.transtools.ctsql.a:
    short getAsShort() -> a
    java.lang.String getAsString() -> f
    int getAsInteger() -> g
    double getAsDouble() -> h
    short setAsShort(short) -> a
    short setAsString(java.lang.String) -> a
    short setAsInteger(int) -> a
    short setAsDouble(double) -> a
    short setAsBigDecimal(java.math.BigDecimal) -> a
com.transtools.ctsql.CtsqlTime -> com.transtools.ctsql.e:
    java.util.Calendar getAsCalendar() -> a
    java.lang.String getAsString() -> f
    java.util.Calendar setAsString(java.lang.String) -> a
com.transtools.ctsql.CtsqlType -> com.transtools.ctsql.k:
    short UNKNOWN_TYPE -> d
    short CHAR_TYPE -> e
    short SMALLINT_TYPE -> f
    short INTEGER_TYPE -> g
    short TIME_TYPE -> h
    short DECIMAL_TYPE -> i
    short SERIAL_TYPE -> j
    short DATE_TYPE -> k
    short MONEY_TYPE -> l
    short NULL_TYPE -> m
    short DATETIME_TYPE -> n
    short BINARY_TYPE -> o
    boolean isNull() -> e
    java.lang.String toString() -> toString
    int getType() -> b
    java.lang.String getAsString() -> f
com.transtools.ctsql.impl.CtsqlBinary -> com.transtools.ctsql.impl.f:
    byte[] buffer -> a
    java.lang.String NULL_BINARY -> b
    53:58:byte[] setAsString(java.lang.String) -> a
    68:68:int getType() -> b
    78:78:int getSqlLength() -> c
    88:88:int getStoreLength() -> d
    98:98:boolean isNull() -> e
    108:108:byte[] getAsBytes() -> a
    118:128:java.lang.String getAsString() -> f
    138:146:byte[] store() -> i
    156:161:java.lang.String toString() -> toString
    172:180:void load(byte[],int) -> a
com.transtools.ctsql.impl.CtsqlChar -> com.transtools.ctsql.impl.k:
    java.lang.String NULL -> a
    java.lang.String value -> b
    byte[] buffer -> c
    boolean isOem -> p
    boolean rTrimChar -> q
    87:87:java.lang.String setAsString(java.lang.String) -> a
    98:98:java.lang.String setAsShort(short) -> a
    109:109:java.lang.String setAsInteger(int) -> a
    120:120:java.lang.String setAsDouble(double) -> a
    131:131:java.lang.String setAsDateCalendar(java.sql.Date) -> a
    142:142:java.lang.String setAsTimeCalendar(java.sql.Time) -> a
    153:153:java.lang.String setAsBigDecimal(java.math.BigDecimal) -> a
    163:163:java.lang.String getAsString() -> f
    173:173:int getStoreLength() -> d
    183:183:int getSqlLength() -> c
    193:193:boolean isNull() -> e
    203:203:int getType() -> b
    213:213:short getAsShort() -> a
    223:223:int getAsInteger() -> g
    235:242:java.util.Calendar getAsDateCalendar() -> h
    255:262:java.util.Calendar getAsTimeCalendar() -> j
    276:283:java.util.Calendar getAsDateTimeCalendar() -> k
    296:304:byte[] getAsByte() -> l
    314:314:double getAsDouble() -> m
    325:347:byte[] store() -> i
    357:357:java.lang.String toString() -> toString
    373:413:void load(byte[],int,int) -> a
com.transtools.ctsql.impl.CtsqlDate -> com.transtools.ctsql.impl.n:
    int value -> a
    byte[] buffer -> b
    int[] dateAsArray -> c
    int NULL -> p
    java.lang.String NULL_DATE -> q
    int DAYS_4Y -> r
    int DAYS_4C -> s
    int DAYSBEGIN -> t
    int[] days -> u
    83:93:java.util.Calendar setAsString(java.lang.String) -> a
    105:106:void setValue(int) -> a
    115:126:java.util.Calendar getAsCalendar() -> a
    136:136:boolean isNull() -> e
    146:150:java.lang.String getAsString() -> f
    162:162:int getType() -> b
    172:172:int getSqlLength() -> c
    182:182:int getStoreLength() -> d
    192:192:int getValue() -> g
    202:203:byte[] store() -> i
    213:213:java.lang.String toString() -> toString
    227:238:int dmyToInt(java.util.Calendar) -> a
    256:304:void intToDmy(int,int[]) -> a
    314:320:boolean isLeapYear(int) -> b
    331:332:void load(byte[],int) -> a
    351:375:int dmyToInt(int,int,int) -> a
com.transtools.ctsql.impl.CtsqlDateTime -> com.transtools.ctsql.impl.e:
    int[] timeAsArray -> a
    int[] dateAsArray -> b
    byte[] buffer -> c
    com.transtools.ctsql.impl.CtsqlDate ctsqlDate -> p
    com.transtools.ctsql.impl.CtsqlTime ctsqlTime -> q
    int DAYSECS -> r
    int NULL -> s
    java.lang.String NULL_DATETIME -> t
    91:101:java.util.Calendar setAsString(java.lang.String) -> a
    111:125:java.util.Calendar getAsCalendar() -> a
    135:135:int getType() -> b
    145:145:int getSqlLength() -> c
    155:155:int getStoreLength() -> d
    165:165:boolean isNull() -> e
    175:180:java.lang.String getAsString() -> f
    190:193:com.transtools.ctsql.impl.CtsqlDate getAsDate() -> g
    198:201:com.transtools.ctsql.impl.CtsqlTime getAsTime() -> h
    211:217:byte[] store() -> i
    227:227:java.lang.String toString() -> toString
    241:248:void load(byte[],int) -> a
    258:265:void intToHms(int,int[]) -> a
    277:280:int hmsToInt(int,int,int) -> a
    291:302:int hmsToInt(java.util.Calendar) -> a
com.transtools.ctsql.impl.CtsqlDecimal -> com.transtools.ctsql.impl.d:
    int length -> a
    int precision -> b
    com.transtools.ctsql.impl.CtsqlDecimalSupport support -> c
    int DEFAULT_LENGTH -> p
    int DEFAULT_PRECISION -> q
    70:70:double setAsDouble(double) -> a
    81:81:double setAsShort(short) -> a
    92:92:double setAsInteger(int) -> a
    103:103:double setAsLong(long) -> a
    113:113:double setAsFloat(float) -> a
    124:124:double setAsString(java.lang.String) -> a
    135:136:double setAsBigDecimal(java.math.BigDecimal) -> a
    146:146:double getAsDouble() -> a
    156:156:int getType() -> b
    166:166:int getSqlLength() -> c
    176:176:int getStoreLength() -> d
    186:186:boolean isNull() -> e
    196:196:java.lang.String getAsString() -> f
    206:206:short getAsShort() -> g
    216:216:int getAsInteger() -> h
    228:229:void load(byte[],int,int) -> a
    238:243:byte[] store() -> i
    253:253:java.lang.String toString() -> toString
    263:263:int getDecimalStoreLength() -> j
    274:274:int lengthFromPack(int) -> b
    285:285:int precisionFromPack(int) -> c
    297:297:int decLen(int,int) -> a
    309:309:int precMake(int,int) -> b
com.transtools.ctsql.impl.CtsqlDecimalSupport -> com.transtools.ctsql.impl.h:
    short dec_exp -> c
    short dec_pos -> d
    short dec_ndgts -> e
    byte[] dec_dgts -> f
    int scale -> g
    int DBLPRECISION -> a
    int FLOATPREC -> b
    int DECSIZE -> h
    int DECBASE -> i
    int SIZBUFNUM -> j
    75:75:boolean isNull() -> a
    85:85:int getNumberOfDigits() -> b
    94:138:double tdectodbl() -> c
    147:150:java.lang.String toString() -> toString
    161:199:void lddec(byte[],int,int) -> a
    213:247:void stdec(byte[],int,int) -> b
    256:257:void setScale(int) -> a
    266:266:int getScale() -> d
    280:284:int pack_100(int,int,byte[],int) -> a
    297:338:int pack_100_exp(byte[]) -> a
    350:359:void comp_100(byte[],int,int) -> c
    374:435:void dec_t_load(byte[],int,short,short) -> a
    449:466:int pack_odd(byte[],byte[],int,int) -> a
    486:513:void doubleToDecimal(double,int) -> a
    523:553:java.lang.String unscaledValueString(double) -> a
    564:564:boolean decneg20() -> e
    568:585:void main(java.lang.String[]) -> a
    588:590:void printResult(java.lang.String) -> a
com.transtools.ctsql.impl.CtsqlExceptionManager -> com.transtools.ctsql.impl.j:
    com.transtools.ctsql.impl.CtsqlExceptionManager manager -> a
    35:35:void throwException(int) -> a
    48:48:void throwException(int,java.lang.Object[]) -> a
    52:52:void throwException(int,java.lang.Object[],int) -> a
    62:62:void throwException(java.lang.Throwable) -> a
    72:72:com.transtools.ctsql.impl.CtsqlExceptionManager getManager() -> a
com.transtools.ctsql.impl.CtsqlInteger -> com.transtools.ctsql.impl.o:
    int value -> p
    byte[] buffer -> q
    int NULL -> a
    int STORE_LENGTH -> b
    int SQL_LENGTH -> c
    72:72:int setAsInt(int) -> a
    83:83:int setAsShort(short) -> a
    94:94:int setAsString(java.lang.String) -> a
    105:105:int setAsDouble(double) -> a
    116:117:int setAsBigDecimal(java.math.BigDecimal) -> a
    127:127:int getAsInt() -> a
    137:137:int getType() -> b
    147:147:int getSqlLength() -> c
    157:157:int getStoreLength() -> d
    167:167:boolean isNull() -> e
    177:177:java.lang.String getAsString() -> f
    187:187:short getAsShort() -> g
    197:198:double getAsDouble() -> h
    208:209:byte[] store() -> i
    219:219:java.lang.String toString() -> toString
    229:229:int getValue() -> j
    240:241:void load(byte[],int) -> b
    251:255:void storeInt(int,byte[]) -> a
    268:276:int loadInt(byte[],int) -> a
com.transtools.ctsql.impl.CtsqlServerImpl -> com.transtools.ctsql.impl.l:
    com.transtools.ctsql.CtsqlChannel channel -> c
    boolean connected -> d
    java.lang.String currDb -> e
    java.lang.String currDbPath -> f
    int transactionFlag -> g
    boolean bRowidStandard -> h
    int rowidType -> i
    int rowidSize -> j
    byte[] buf4bytes -> k
    int count -> l
    boolean isUsed -> m
    int convert -> n
    boolean rTrimChar -> o
    int CNT_CONVERTANSITOOEM -> a
    int CNT_CONVERTOEMTOANSI -> b
    java.lang.String DATABASE -> p
    byte[] EVEN_BYTE -> q
    byte[] DUMB_BUFFER -> r
    int lastSerial -> s
    int lastRowid -> t
    65:66:void setConvert(int) -> a
    75:83:void setIsUsed(boolean) -> a
    92:93:void setTransactionFlag(int) -> b
    102:103:void setCurrentDBPath(java.lang.String) -> a
    112:113:void setCurrentDB(java.lang.String) -> b
    123:126:void setRowidTypeSize(int,int) -> a
    135:135:int getConvert() -> a
    145:145:int getTransactionFlag() -> b
    155:155:java.lang.String getCurrentDBPath() -> c
    165:165:java.lang.String getCurrentDB() -> d
    175:175:boolean isConnected() -> e
    185:185:boolean isRowidStandard() -> f
    195:195:boolean geIsUsed() -> g
    211:236:void connect(com.transtools.ctsql.CtsqlChannel,java.lang.String,java.lang.String,java.lang.String,java.lang.String[]) -> a
    245:255:void disconnect() -> h
    265:270:void putEnv(java.lang.String) -> c
    280:285:void flush() -> i
    297:305:short readSmallint() -> j
    319:326:int readInteger() -> k
    340:347:void writeSmallint(short) -> a
    357:358:void writeCommand(short) -> b
    370:382:java.lang.String readString() -> l
    393:407:void writeString(java.lang.String) -> d
    419:425:void writeData(byte[],int) -> a
    438:444:void readData(byte[],int,int) -> a
    456:464:void readDataEven(byte[],int,int) -> b
    474:476:void sendPutEnv(java.lang.String) -> e
    486:489:void evenizeWrite(int) -> e
    499:502:void evenizeRead(int) -> f
    505:506:void setChannel(java.io.InputStream,java.io.OutputStream) -> a
    509:510:void setConnected() -> m
    514:514:boolean getRTrimChar() -> n
    519:520:void setRTrimChar(boolean) -> b
    523:523:int getLastSerial() -> o
    528:529:void setLastSerial(int) -> c
    533:533:int getLastRowid() -> p
    538:539:void setLastRowid(int) -> d
com.transtools.ctsql.impl.CtsqlSmallint -> com.transtools.ctsql.impl.b:
    short value -> p
    byte[] buffer -> q
    short NULL -> a
    int STORE_LENGTH -> b
    int SQL_LENGTH -> c
    74:74:short setAsShort(short) -> a
    85:85:short setAsString(java.lang.String) -> a
    96:96:short setAsInteger(int) -> a
    107:107:short setAsDouble(double) -> a
    118:119:short setAsBigDecimal(java.math.BigDecimal) -> a
    129:129:short getAsShort() -> a
    139:139:int getType() -> b
    149:149:int getSqlLength() -> c
    159:159:int getStoreLength() -> d
    169:169:boolean isNull() -> e
    179:179:java.lang.String getAsString() -> f
    189:189:int getAsInteger() -> g
    199:200:double getAsDouble() -> h
    210:211:byte[] store() -> i
    221:221:java.lang.String toString() -> toString
    231:231:short getValue() -> j
    242:243:void load(byte[],int) -> b
    253:255:void storeShort(short,byte[]) -> a
    268:272:short loadShort(byte[],int) -> a
com.transtools.ctsql.impl.CtsqlSqlca -> com.transtools.ctsql.impl.i:
    int sqlcode -> a
    int[] sqlerrd -> b
    boolean locked -> c
    boolean nullWarn -> d
    java.lang.String sqlerrm -> e
    31:32:void setSqlCode(int) -> a
    42:45:void setSqlErrd(int,int) -> a
    54:55:void setSqlErrorString(java.lang.String) -> a
    64:65:void setLocked(boolean) -> a
    74:75:void setNullWarn(boolean) -> b
    84:84:int getSqlCode() -> a
    102:105:int getSqlErrd(int) -> b
    116:116:java.lang.String getSqlErrorString() -> b
    126:126:boolean getLocked() -> c
    136:136:boolean getNullWarn() -> d
    144:151:void resetSqlca() -> e
com.transtools.ctsql.impl.CtsqlStmt -> com.transtools.ctsql.impl.p:
    java.lang.String LAST_INSERT_ROWID -> f
    java.lang.String LAST_INSERT_ID -> g
    int UPDATE_COUNT -> h
    int ROWID_AFTER_INSERT -> i
    int NAMEOFFSET_ICOL -> j
    int TITLEOFFSET_ICOL -> k
    int DATAOFFSET_ICOL -> l
    int TYPE_ICOL -> m
    int LENGTH_ICOL -> n
    int SMALLINT_DISPLAY_SIZE -> o
    int INTEGER_DISPLAY_SIZE -> p
    int DATE_DISPLAY_SIZE -> q
    int DATETIME_DISPLAY_SIZE -> r
    int BINARY_DISPLAY_SIZE -> s
    int NULL_DISPLAY_SIZE -> t
    com.transtools.ctsql.impl.CtsqlServerImpl server -> u
    com.transtools.ctsql.impl.CtsqlSqlca sqlca -> v
    int curop -> w
    int id -> x
    short rowSize -> y
    boolean bPrepared -> z
    boolean bOpen -> A
    int lastCommand -> B
    java.lang.String name -> C
    boolean errfl -> D
    boolean fldone -> E
    boolean flmov -> F
    boolean flBrkScroll -> G
    boolean serialValueObtained -> H
    short recidx -> I
    short left -> J
    int ncols -> K
    short noby -> L
    byte[] titl -> M
    byte[] buf -> N
    boolean bufIsOem -> O
    short stat -> P
    boolean rTrimChar -> Q
    short offTuple -> R
    short prevrow -> S
    short[][] icollis -> T
    short[][] oby -> U
    int nHost -> V
    boolean isLast -> W
    boolean isAfterLast -> X
    com.transtools.ctsql.CtsqlType[] columns -> Y
    boolean[] updated -> Z
    boolean inInsertRow -> aa
    boolean localStatement -> ab
    java.lang.String localResultType -> ac
    134:139:int sqlbsize(int) -> s
    151:152:void setName(java.lang.String) -> a
    160:193:void setCtsqlChar(int,com.transtools.ctsql.CtsqlChar) -> a
    201:224:void setCtsqlBinary(int,com.transtools.ctsql.CtsqlBinary) -> a
    235:256:void setCtsqlDecimal(int,com.transtools.ctsql.CtsqlDecimal) -> a
    267:282:void setCtsqlDate(int,com.transtools.ctsql.CtsqlDate) -> a
    296:311:void setCtsqlTime(int,com.transtools.ctsql.CtsqlTime) -> a
    325:346:void setCtsqlDateTime(int,com.transtools.ctsql.CtsqlDateTime) -> a
    356:356:int getRow() -> a
    366:366:short getStat() -> b
    376:376:boolean getIsLast() -> c
    385:385:boolean getIsAfterLast() -> d
    395:395:int getHostsNumber() -> e
    405:405:int getColumnCount() -> f
    417:417:int getColumnType(int) -> a
    427:427:int getColumnLength(int) -> b
    439:443:java.lang.String getColumnName(int) -> c
    450:454:java.lang.String getTableName(int) -> d
    465:469:java.lang.String getColumnLabel(int) -> e
    480:504:java.lang.String getColumnTypeName(int) -> f
    516:537:int getColumnDisplaySize(int) -> g
    549:554:int getPrecision(int) -> h
    566:571:int getScale(int) -> i
    582:585:int getUpdateCount() -> g
    595:595:java.lang.String getName() -> h
    606:610:boolean isSelectStatement() -> i
    620:620:int getLastError() -> j
    629:629:java.lang.String getLastErrorString() -> k
    636:643:java.sql.SQLWarning getWarnings() -> l
    652:652:boolean isOpen() -> m
    664:670:com.transtools.ctsql.CtsqlChar getCtsqlChar(int) -> j
    684:721:com.transtools.ctsql.CtsqlSmallint getCtsqlSmallint(int) -> k
    735:758:com.transtools.ctsql.CtsqlDate getCtsqlDate(int) -> l
    775:811:com.transtools.ctsql.CtsqlDateTime getCtsqlDateTime(int) -> m
    828:842:com.transtools.ctsql.CtsqlBinary getCtsqlBinary(int) -> n
    857:876:com.transtools.ctsql.CtsqlTime getCtsqlTime(int) -> o
    890:926:com.transtools.ctsql.CtsqlInteger getCtsqlInteger(int) -> p
    940:976:com.transtools.ctsql.CtsqlDecimal getCtsqlDecimal(int) -> q
    989:995:int getSerial() -> n
    1005:1005:int getRowIdAfterInsert() -> o
    1015:1032:void prepare(java.lang.String) -> b
    1036:1036:boolean isLocalStatement() -> u
    1044:1081:void localStatementDescribeInfo(java.lang.String) -> g
    1085:1101:void localPrepare(java.lang.String) -> h
    1105:1109:void localOpen() -> v
    1112:1115:void localClose() -> w
    1118:1119:void localRelease() -> x
    1123:1144:void localFetch() -> y
    1152:1157:int findColumn(java.lang.String) -> c
    1170:1181:void execute(com.transtools.ctsql.CtsqlType[]) -> a
    1190:1208:void close() -> p
    1218:1246:void open(com.transtools.ctsql.CtsqlType[]) -> b
    1254:1300:void fetch() -> q
    1312:1313:boolean fetchMode(short) -> a
    1361:1368:boolean scrollFetch(int) -> r
    1458:1484:void release() -> r
    1492:1510:void update(java.lang.String) -> d
    1518:1542:void insert(java.lang.String) -> e
    1548:1559:void moveToInsertRow() -> s
    1568:1573:void delete(java.lang.String) -> f
    1581:1581:boolean hasSerial() -> t
    1591:1598:void finalize() -> finalize
    1601:1630:void setCtsqlNull(int) -> t
    1639:1641:void setCurrent() -> z
    1644:1649:int getBasicColumnType(int) -> u
    1662:1665:int getTypeIcol(int) -> v
    1678:1681:int getLenIcol(int) -> w
    1693:1693:int getBufOffsetIcol(int) -> x
    1703:1703:boolean isPrepared() -> A
    1707:1711:java.sql.SQLWarning createAndChainWarning(java.sql.SQLWarning,java.lang.String,java.lang.String) -> a
    1715:1742:void sendStatementWithUpdatedHosts(java.lang.String,int) -> a
    1745:1780:void loadColumns() -> B
    1793:1833:void longfetch(short) -> b
    1847:1917:boolean scrollfillb(short) -> c
    1929:1945:void travel(short,int) -> a
    1955:1960:void checkLastError() -> C
    1970:1979:java.lang.String readColumnInfo(int) -> y
    1987:2012:void init() -> D
    2021:2024:void checkServer() -> E
    2034:2036:void sendCommand(short) -> d
    2048:2067:void sendParse(java.lang.String) -> i
    2080:2120:int realhosts(java.lang.String) -> j
    2134:2137:void sendId(int) -> z
    2146:2147:void sendExecute() -> F
    2161:2217:void sendHosts(com.transtools.ctsql.CtsqlType[]) -> c
    2226:2227:void sendDescribe() -> G
    2236:2237:void sendOpen() -> H
    2246:2248:void sendNFetch() -> I
    2259:2262:void sendFetch(short) -> e
    2273:2276:void sendTravel(short,int) -> b
    2288:2290:void sendCurName(java.lang.String) -> k
    2300:2308:void readErrInfo() -> J
    2317:2374:void readDoneInfo() -> K
    2383:2389:void readLckWarnInfo() -> L
    2398:2410:void readTupleInfo() -> M
    2421:2424:byte[] realoja(byte[],int) -> a
    2447:2486:void readDescribeInfo() -> N
    2492:2548:short waitResult(short,java.lang.Integer,boolean,boolean) -> a
    2561:2564:void checkColumnType(int,int) -> a
    2567:2569:void resetSqlca() -> O
com.transtools.ctsql.impl.CtsqlTime -> com.transtools.ctsql.impl.m:
    byte[] buffer -> a
    int[] timeAsArray -> b
    int value -> c
    int NULL -> p
    java.lang.String NULL_TIME -> q
    int DAYSECS -> r
    73:74:void setValue(int) -> a
    85:95:java.util.Calendar setAsString(java.lang.String) -> a
    105:114:java.util.Calendar getAsCalendar() -> a
    124:124:int getType() -> b
    134:134:int getSqlLength() -> c
    144:144:int getStoreLength() -> d
    154:154:int getValue() -> g
    164:164:boolean isNull() -> e
    174:178:java.lang.String getAsString() -> f
    190:191:byte[] store() -> i
    201:201:java.lang.String toString() -> toString
    213:221:void intToHms(int,int[]) -> a
    232:243:int hmsToInt(java.util.Calendar) -> a
    256:258:void load(byte[],int) -> a
    273:277:int hmsToInt(int,int,int) -> a
com.transtools.ctsql.impl.Factory -> com.transtools.ctsql.impl.c:
    23:23:com.transtools.ctsql.CtsqlServer getNewServer() -> a
    34:34:com.transtools.ctsql.CtsqlCursor getNewCursor(com.transtools.ctsql.CtsqlServer) -> a
    45:45:com.transtools.ctsql.CtsqlDecimal getNewDecimal(double) -> a
    56:56:com.transtools.ctsql.CtsqlInteger getNewInteger(int) -> a
    67:67:com.transtools.ctsql.CtsqlSmallint getNewSmallint(short) -> a
    78:78:com.transtools.ctsql.CtsqlChar getNewChar(java.lang.String) -> a
    89:89:com.transtools.ctsql.CtsqlDate getNewDate(java.util.Calendar) -> a
    100:100:com.transtools.ctsql.CtsqlDecimal getNewDecimal(java.lang.Double) -> a
    111:111:com.transtools.ctsql.CtsqlInteger getNewInteger(java.lang.Integer) -> a
    122:122:com.transtools.ctsql.CtsqlSmallint getNewSmallint(java.lang.Short) -> a
    133:133:com.transtools.ctsql.CtsqlTime getNewTime(java.util.Calendar) -> b
    146:146:com.transtools.ctsql.CtsqlDateTime getNewDateTime(java.util.Calendar) -> c
    159:159:com.transtools.ctsql.CtsqlBinary getNewBinary(byte[]) -> a
com.transtools.ctsql.impl.OemConverter -> com.transtools.ctsql.impl.g:
    int[] AnsiToOemConv -> a
    int[] OemToAnsiConv -> b
    49:61:byte[] AnsiToOem(byte[]) -> a
    66:78:byte[] OemToAnsi(byte[]) -> b
com.transtools.ctsql.impl.ProtocolType -> com.transtools.ctsql.impl.a:
    byte[] store() -> i
    int getStoreLength() -> d
    int getSqlLength() -> c
com.transtools.jdbc.CtsqlChannel -> com.transtools.jdbc.f:
    java.io.BufferedInputStream input -> b
    java.io.BufferedOutputStream output -> c
    java.net.Socket socket -> d
    java.lang.String PROPS_FILE_NAME -> e
    java.lang.String BUFFER_SIZE_PROP -> f
    java.lang.String DEFAULT_BUFFER_SIZE -> g
    java.util.Properties props -> h
    int BUFFER_SIZE -> i
    java.lang.Class class$0 -> a
    66:67:void flush() -> a
    81:87:void readData(byte[],int,int) -> a
    98:99:void writeData(byte[],int) -> a
    108:112:void close() -> b
    122:124:void initialize(java.io.InputStream,java.io.OutputStream) -> a
    133:141:java.util.Properties loadProperties() -> c
com.transtools.jdbc.CtsqlCommBuffer -> com.transtools.jdbc.d:
    com.transtools.ctsql.CtsqlChannel ctsqlChannel -> c
    byte[] buf4bytes -> d
    int count -> e
    boolean isUsed -> f
    int convert -> g
    int CNT_CONVERTANSITOOEM -> a
    int CNT_CONVERTOEMTOANSI -> b
    java.lang.String DATABASE -> h
    byte[] EVEN_BYTE -> i
    byte[] DUMB_BUFFER -> j
    52:53:void setConvert(int) -> a
    62:63:void close() -> a
    72:73:void flush() -> b
    83:84:short readSmallint() -> c
    95:96:int readInteger() -> d
    107:109:void writeSmallint(short) -> a
    121:128:java.lang.String readString() -> e
    139:143:void writeString(java.lang.String) -> a
    154:156:void writeData(byte[],int) -> a
    168:169:void readData(byte[],int,int) -> a
    181:183:void readDataEven(byte[],int,int) -> b
    195:202:byte[] readByteArray() -> f
    213:216:void evenizeWrite(int) -> b
    226:229:void evenizeRead(int) -> c
    239:241:void storeShort(short,byte[]) -> a
    254:258:short loadShort(byte[],int) -> b
    269:273:void storeInt(int,byte[]) -> a
    286:294:int loadInt(byte[],int) -> c
com.transtools.jdbc.CtsqlJdbcDriver -> com.transtools.jdbc.CtsqlJdbcDriver:
    36:36:java.sql.DriverPropertyInfo[] getPropertyInfo(java.lang.String,java.util.Properties) -> getPropertyInfo
    46:46:int getMajorVersion() -> getMajorVersion
    56:56:int getMinorVersion() -> getMinorVersion
    71:104:java.sql.Connection connect(java.lang.String,java.util.Properties) -> connect
    115:127:boolean acceptsURL(java.lang.String) -> acceptsURL
    137:137:boolean jdbcCompliant() -> jdbcCompliant
    149:165:void addConnectionProperties(java.lang.String,java.util.Properties) -> a
com.transtools.jdbc.ExceptionManager -> com.transtools.jdbc.b:
    com.transtools.jdbc.ExceptionManager manager -> a
    39:40:void throwException(int,java.lang.String) -> a
    50:51:void throwException(com.transtools.ctsql.CtsqlException) -> a
    64:78:void throwException(int,java.lang.String,java.lang.Object[]) -> a
    92:96:java.lang.String buildMessage(java.lang.String,java.lang.Object[]) -> a
    107:107:com.transtools.jdbc.ExceptionManager getManager() -> a
com.transtools.jdbc.TTConnection -> com.transtools.jdbc.i:
    com.transtools.ctsql.CtsqlServer server -> c
    int convert -> d
    int CNT_CONVERTANSITOOEM -> a
    int CNT_CONVERTOEMTOANSI -> b
    java.lang.String DBUSER -> e
    java.lang.String DBPASSWORD -> f
    int transactional -> g
    int isAutoCommitActive -> h
    java.lang.String host -> i
    int port -> j
    java.lang.String dbName -> k
    java.util.Properties props -> l
    175:196:void setAutoCommit(boolean) -> setAutoCommit
    205:206:void setReadOnly(boolean) -> setReadOnly
    216:217:void setCatalog(java.lang.String) -> setCatalog
    227:230:void setTransactionIsolation(int) -> setTransactionIsolation
    240:240:void setTypeMap(java.util.Map) -> setTypeMap
    251:253:void setChannelServer(java.io.InputStream,java.io.OutputStream) -> a
    262:262:int getConvert() -> a
    274:274:boolean isClosed() -> isClosed
    285:300:boolean getAutoCommit() -> getAutoCommit
    315:315:java.sql.DatabaseMetaData getMetaData() -> getMetaData
    325:325:boolean isReadOnly() -> isReadOnly
    337:337:java.lang.String getCatalog() -> getCatalog
    342:353:boolean bdIsTransactional() -> g
    357:360:void beginWork() -> h
    371:375:int getTransactionIsolation() -> getTransactionIsolation
    385:385:java.sql.SQLWarning getWarnings() -> getWarnings
    396:396:java.util.Map getTypeMap() -> getTypeMap
    407:422:java.lang.String[] createEnviromentArray(java.util.Properties) -> a
    434:439:void close() -> close
    451:451:java.sql.Statement createStatement() -> createStatement
    465:465:java.sql.PreparedStatement prepareStatement(java.lang.String) -> prepareStatement
    477:478:java.sql.CallableStatement prepareCall(java.lang.String) -> prepareCall
    491:491:java.lang.String nativeSQL(java.lang.String) -> nativeSQL
    503:513:void commit() -> commit
    524:534:void rollback() -> rollback
    544:544:void clearWarnings() -> clearWarnings
    558:558:java.sql.Statement createStatement(int,int) -> createStatement
    574:574:java.sql.PreparedStatement prepareStatement(java.lang.String,int,int) -> prepareStatement
    588:588:java.sql.CallableStatement prepareCall(java.lang.String,int,int) -> prepareCall
    598:598:com.transtools.ctsql.CtsqlServer getCtsqlServer() -> b
    608:609:void finalize() -> finalize
    619:620:java.sql.Statement createStatement(int,int,int) -> a
    626:628:int getHoldability() -> c
    638:640:java.sql.CallableStatement prepareCall(java.lang.String,int,int,int) -> a
    650:652:java.sql.PreparedStatement prepareStatement(java.lang.String,int,int,int) -> b
    660:662:java.sql.PreparedStatement prepareStatement(java.lang.String,int) -> a
    670:672:java.sql.PreparedStatement prepareStatement(java.lang.String,int[]) -> a
    680:682:java.sql.PreparedStatement prepareStatement(java.lang.String,java.lang.String[]) -> a
    698:699:void setHoldability(int) -> a
    702:702:int getLastRowid() -> d
    706:706:int getLastSerial() -> e
    725:735:java.lang.String getUrl() -> f
    739:740:void putEnv(java.lang.String) -> a
com.transtools.jdbc.TTDataBaseMetaData -> com.transtools.jdbc.c:
    java.lang.String DEFAULT_SCHEMA -> a
    int counter -> b
    java.lang.Object counter_monitor -> c
    java.sql.Connection connection -> d
    int[] java_types -> e
    java.lang.String[] sql_tnames -> f
    java.lang.String[] TMP_TypeInfo -> g
    com.transtools.jdbc.metadata.FixedResultsetMetadata importExportKeysMetadata -> h
    com.transtools.jdbc.metadata.FixedResultsetMetadata primaryKeysMetadata -> i
    java.util.Map systablesMap -> j
    int NPARTS -> k
    133:133:java.lang.String getURL() -> getURL
    147:147:java.lang.String getUserName() -> getUserName
    158:158:boolean isReadOnly() -> isReadOnly
    169:169:java.lang.String getDatabaseProductName() -> getDatabaseProductName
    181:181:java.lang.String getDatabaseProductVersion() -> getDatabaseProductVersion
    192:192:java.lang.String getDriverName() -> getDriverName
    203:208:java.lang.String getDriverVersion() -> getDriverVersion
    219:219:int getDriverMajorVersion() -> getDriverMajorVersion
    230:230:int getDriverMinorVersion() -> getDriverMinorVersion
    243:243:java.lang.String getIdentifierQuoteString() -> getIdentifierQuoteString
    258:258:java.lang.String getSQLKeywords() -> getSQLKeywords
    282:282:java.lang.String getNumericFunctions() -> getNumericFunctions
    295:295:java.lang.String getStringFunctions() -> getStringFunctions
    310:310:java.lang.String getSystemFunctions() -> getSystemFunctions
    323:323:java.lang.String getTimeDateFunctions() -> getTimeDateFunctions
    338:338:java.lang.String getSearchStringEscape() -> getSearchStringEscape
    350:350:java.lang.String getExtraNameCharacters() -> getExtraNameCharacters
    363:363:java.lang.String getSchemaTerm() -> getSchemaTerm
    375:376:java.lang.String getProcedureTerm() -> getProcedureTerm
    387:388:java.lang.String getCatalogTerm() -> getCatalogTerm
    399:399:boolean isCatalogAtStart() -> isCatalogAtStart
    410:410:java.lang.String getCatalogSeparator() -> getCatalogSeparator
    422:422:int getDefaultTransactionIsolation() -> getDefaultTransactionIsolation
    443:443:int getMaxBinaryLiteralLength() -> getMaxBinaryLiteralLength
    457:457:int getMaxCharLiteralLength() -> getMaxCharLiteralLength
    469:469:int getMaxColumnNameLength() -> getMaxColumnNameLength
    482:482:int getMaxColumnsInGroupBy() -> getMaxColumnsInGroupBy
    495:495:int getMaxColumnsInIndex() -> getMaxColumnsInIndex
    512:524:int getMaxColumnsInOrderBy() -> getMaxColumnsInOrderBy
    537:537:int getMaxColumnsInSelect() -> getMaxColumnsInSelect
    550:550:int getMaxColumnsInTable() -> getMaxColumnsInTable
    563:563:int getMaxConnections() -> getMaxConnections
    575:575:int getMaxCursorNameLength() -> getMaxCursorNameLength
    589:589:int getMaxIndexLength() -> getMaxIndexLength
    602:602:int getMaxSchemaNameLength() -> getMaxSchemaNameLength
    615:615:int getMaxProcedureNameLength() -> getMaxProcedureNameLength
    627:628:int getMaxCatalogNameLength() -> getMaxCatalogNameLength
    641:641:int getMaxRowSize() -> getMaxRowSize
    654:654:int getMaxStatementLength() -> getMaxStatementLength
    668:668:int getMaxStatements() -> getMaxStatements
    685:691:int getMaxTableNameLength() -> getMaxTableNameLength
    709:709:int getMaxTablesInSelect() -> getMaxTablesInSelect
    721:721:int getMaxUserNameLength() -> getMaxUserNameLength
    740:740:java.sql.ResultSet getProcedures(java.lang.String,java.lang.String,java.lang.String) -> getProcedures
    758:759:java.sql.ResultSet getProcedureColumns(java.lang.String,java.lang.String,java.lang.String,java.lang.String) -> getProcedureColumns
    783:830:java.sql.ResultSet getTables(java.lang.String,java.lang.String,java.lang.String,java.lang.String[]) -> getTables
    841:842:java.sql.ResultSet getSchemas() -> getSchemas
    857:858:java.sql.ResultSet getCatalogs() -> getCatalogs
    877:900:java.sql.ResultSet getTableTypes() -> getTableTypes
    925:1130:java.sql.ResultSet getColumns(java.lang.String,java.lang.String,java.lang.String,java.lang.String) -> getColumns
    1158:1185:java.sql.ResultSet getColumnPrivileges(java.lang.String,java.lang.String,java.lang.String,java.lang.String) -> getColumnPrivileges
    1233:1250:java.sql.ResultSet getTablePrivileges(java.lang.String,java.lang.String,java.lang.String) -> getTablePrivileges
    1307:1366:java.sql.ResultSet getBestRowIdentifier(java.lang.String,java.lang.String,java.lang.String,int,boolean) -> getBestRowIdentifier
    1386:1386:java.sql.ResultSet getVersionColumns(java.lang.String,java.lang.String,java.lang.String) -> getVersionColumns
    1407:1427:java.sql.ResultSet getPrimaryKeys(java.lang.String,java.lang.String,java.lang.String) -> getPrimaryKeys
    1450:1487:java.sql.ResultSet DeprecatedgetPrimaryKeys(java.lang.String,java.lang.String,java.lang.String) -> a
    1493:1505:com.transtools.jdbc.metadata.Systable getSystable(java.lang.String) -> a
    1511:1535:com.transtools.jdbc.metadata.Systable loadSystable(java.lang.String) -> b
    1540:1556:void loadSyscolumns(com.transtools.jdbc.metadata.Systable) -> a
    1574:1618:java.sql.ResultSet getImportedKeys(java.lang.String,java.lang.String,java.lang.String) -> getImportedKeys
    1636:1677:java.sql.ResultSet getExportedKeys(java.lang.String,java.lang.String,java.lang.String) -> getExportedKeys
    1696:1734:java.sql.ResultSet DeprecatedgetImportedKeys(java.lang.String,java.lang.String,java.lang.String) -> b
    1756:1794:java.sql.ResultSet DeprecatedgetExportedKeys(java.lang.String,java.lang.String,java.lang.String) -> c
    1822:1891:java.sql.ResultSet getCrossReference(java.lang.String,java.lang.String,java.lang.String,java.lang.String,java.lang.String,java.lang.String) -> getCrossReference
    1907:1938:java.sql.ResultSet getTypeInfo() -> getTypeInfo
    1963:2007:java.sql.ResultSet getIndexInfo(java.lang.String,java.lang.String,java.lang.String,boolean,boolean) -> getIndexInfo
    2028:2028:java.sql.ResultSet getUDTs(java.lang.String,java.lang.String,java.lang.String,int[]) -> getUDTs
    2044:2044:java.sql.Connection getConnection() -> getConnection
    2061:2061:boolean allProceduresAreCallable() -> allProceduresAreCallable
    2074:2074:boolean allTablesAreSelectable() -> allTablesAreSelectable
    2085:2085:boolean nullsAreSortedHigh() -> nullsAreSortedHigh
    2096:2096:boolean nullsAreSortedLow() -> nullsAreSortedLow
    2108:2108:boolean nullsAreSortedAtStart() -> nullsAreSortedAtStart
    2120:2120:boolean nullsAreSortedAtEnd() -> nullsAreSortedAtEnd
    2131:2131:boolean usesLocalFiles() -> usesLocalFiles
    2143:2143:boolean usesLocalFilePerTable() -> usesLocalFilePerTable
    2156:2156:boolean supportsMixedCaseIdentifiers() -> supportsMixedCaseIdentifiers
    2168:2168:boolean storesUpperCaseIdentifiers() -> storesUpperCaseIdentifiers
    2180:2180:boolean storesLowerCaseIdentifiers() -> storesLowerCaseIdentifiers
    2192:2192:boolean storesMixedCaseIdentifiers() -> storesMixedCaseIdentifiers
    2205:2205:boolean supportsMixedCaseQuotedIdentifiers() -> supportsMixedCaseQuotedIdentifiers
    2217:2217:boolean storesUpperCaseQuotedIdentifiers() -> storesUpperCaseQuotedIdentifiers
    2229:2229:boolean storesLowerCaseQuotedIdentifiers() -> storesLowerCaseQuotedIdentifiers
    2241:2241:boolean storesMixedCaseQuotedIdentifiers() -> storesMixedCaseQuotedIdentifiers
    2257:2257:boolean supportsAlterTableWithAddColumn() -> supportsAlterTableWithAddColumn
    2269:2269:boolean supportsAlterTableWithDropColumn() -> supportsAlterTableWithDropColumn
    2284:2284:boolean supportsColumnAliasing() -> supportsColumnAliasing
    2296:2296:boolean nullPlusNonNullIsNull() -> nullPlusNonNullIsNull
    2308:2308:boolean supportsConvert() -> supportsConvert
    2322:2323:boolean supportsConvert(int,int) -> supportsConvert
    2336:2336:boolean supportsTableCorrelationNames() -> supportsTableCorrelationNames
    2350:2350:boolean supportsDifferentTableCorrelationNames() -> supportsDifferentTableCorrelationNames
    2362:2362:boolean supportsExpressionsInOrderBy() -> supportsExpressionsInOrderBy
    2374:2374:boolean supportsOrderByUnrelated() -> supportsOrderByUnrelated
    2385:2385:boolean supportsGroupBy() -> supportsGroupBy
    2397:2397:boolean supportsGroupByUnrelated() -> supportsGroupByUnrelated
    2409:2409:boolean supportsGroupByBeyondSelect() -> supportsGroupByBeyondSelect
    2421:2421:boolean supportsLikeEscapeClause() -> supportsLikeEscapeClause
    2433:2433:boolean supportsMultipleResultSets() -> supportsMultipleResultSets
    2445:2445:boolean supportsMultipleTransactions() -> supportsMultipleTransactions
    2457:2457:boolean supportsNonNullableColumns() -> supportsNonNullableColumns
    2469:2469:boolean supportsMinimumSQLGrammar() -> supportsMinimumSQLGrammar
    2480:2480:boolean supportsCoreSQLGrammar() -> supportsCoreSQLGrammar
    2490:2490:boolean supportsExtendedSQLGrammar() -> supportsExtendedSQLGrammar
    2503:2503:boolean supportsANSI92EntryLevelSQL() -> supportsANSI92EntryLevelSQL
    2515:2515:boolean supportsANSI92IntermediateSQL() -> supportsANSI92IntermediateSQL
    2525:2525:boolean supportsANSI92FullSQL() -> supportsANSI92FullSQL
    2535:2535:boolean supportsIntegrityEnhancementFacility() -> supportsIntegrityEnhancementFacility
    2546:2546:boolean supportsOuterJoins() -> supportsOuterJoins
    2557:2557:boolean supportsFullOuterJoins() -> supportsFullOuterJoins
    2568:2568:boolean supportsLimitedOuterJoins() -> supportsLimitedOuterJoins
    2579:2579:boolean supportsSchemasInDataManipulation() -> supportsSchemasInDataManipulation
    2590:2590:boolean supportsSchemasInProcedureCalls() -> supportsSchemasInProcedureCalls
    2601:2601:boolean supportsSchemasInTableDefinitions() -> supportsSchemasInTableDefinitions
    2612:2612:boolean supportsSchemasInIndexDefinitions() -> supportsSchemasInIndexDefinitions
    2623:2623:boolean supportsSchemasInPrivilegeDefinitions() -> supportsSchemasInPrivilegeDefinitions
    2634:2634:boolean supportsCatalogsInDataManipulation() -> supportsCatalogsInDataManipulation
    2645:2645:boolean supportsCatalogsInProcedureCalls() -> supportsCatalogsInProcedureCalls
    2656:2656:boolean supportsCatalogsInTableDefinitions() -> supportsCatalogsInTableDefinitions
    2667:2667:boolean supportsCatalogsInIndexDefinitions() -> supportsCatalogsInIndexDefinitions
    2678:2678:boolean supportsCatalogsInPrivilegeDefinitions() -> supportsCatalogsInPrivilegeDefinitions
    2689:2689:boolean supportsPositionedDelete() -> supportsPositionedDelete
    2700:2700:boolean supportsPositionedUpdate() -> supportsPositionedUpdate
    2711:2711:boolean supportsSelectForUpdate() -> supportsSelectForUpdate
    2723:2723:boolean supportsStoredProcedures() -> supportsStoredProcedures
    2735:2735:boolean supportsSubqueriesInComparisons() -> supportsSubqueriesInComparisons
    2747:2747:boolean supportsSubqueriesInExists() -> supportsSubqueriesInExists
    2759:2759:boolean supportsSubqueriesInIns() -> supportsSubqueriesInIns
    2772:2772:boolean supportsSubqueriesInQuantifieds() -> supportsSubqueriesInQuantifieds
    2785:2785:boolean supportsCorrelatedSubqueries() -> supportsCorrelatedSubqueries
    2796:2796:boolean supportsUnion() -> supportsUnion
    2807:2807:boolean supportsUnionAll() -> supportsUnionAll
    2819:2819:boolean supportsOpenCursorsAcrossCommit() -> supportsOpenCursorsAcrossCommit
    2831:2831:boolean supportsOpenCursorsAcrossRollback() -> supportsOpenCursorsAcrossRollback
    2843:2843:boolean supportsOpenStatementsAcrossCommit() -> supportsOpenStatementsAcrossCommit
    2855:2855:boolean supportsOpenStatementsAcrossRollback() -> supportsOpenStatementsAcrossRollback
    2867:2867:boolean supportsTransactions() -> supportsTransactions
    2880:2880:boolean supportsTransactionIsolationLevel(int) -> supportsTransactionIsolationLevel
    2894:2894:boolean doesMaxRowSizeIncludeBlobs() -> doesMaxRowSizeIncludeBlobs
    2912:2912:boolean supportsDataDefinitionAndDataManipulationTransactions() -> supportsDataDefinitionAndDataManipulationTransactions
    2924:2924:boolean supportsDataManipulationTransactionsOnly() -> supportsDataManipulationTransactionsOnly
    2936:2936:boolean dataDefinitionCausesTransactionCommit() -> dataDefinitionCausesTransactionCommit
    2948:2948:boolean dataDefinitionIgnoredInTransactions() -> dataDefinitionIgnoredInTransactions
    2967:2967:boolean supportsResultSetType(int) -> supportsResultSetType
    2983:2983:boolean supportsResultSetConcurrency(int,int) -> supportsResultSetConcurrency
    2998:2998:boolean ownUpdatesAreVisible(int) -> ownUpdatesAreVisible
    3013:3013:boolean ownDeletesAreVisible(int) -> ownDeletesAreVisible
    3028:3028:boolean ownInsertsAreVisible(int) -> ownInsertsAreVisible
    3043:3043:boolean othersUpdatesAreVisible(int) -> othersUpdatesAreVisible
    3058:3058:boolean othersDeletesAreVisible(int) -> othersDeletesAreVisible
    3073:3073:boolean othersInsertsAreVisible(int) -> othersInsertsAreVisible
    3088:3088:boolean updatesAreDetected(int) -> updatesAreDetected
    3103:3103:boolean deletesAreDetected(int) -> deletesAreDetected
    3118:3118:boolean insertsAreDetected(int) -> insertsAreDetected
    3132:3132:boolean supportsBatchUpdates() -> supportsBatchUpdates
    3146:3206:void getDefault(java.lang.String,int,short,int) -> a
    3218:3266:void getLabel(java.lang.String,int,short) -> a
    3277:3379:void getIndexInfo(java.lang.String,int) -> a
    3389:3451:void getonUpdateAndOnDeleteAndDeferrability(java.lang.String) -> c
    3468:3484:void fillupSynonyms(java.lang.String,java.lang.String) -> a
    3500:3516:void fillupTables(java.lang.String,java.lang.String,java.lang.String) -> f
    3527:3562:void fillupPrimaryKeys(java.lang.String,java.lang.String) -> b
    3573:3608:void fillupIndexInfo(java.lang.String,java.lang.String) -> c
    3620:3679:void fillupForeignKeys(java.lang.String,java.lang.String) -> d
    3693:3767:void fillupColumnPrivileges(java.lang.String,java.lang.String) -> e
    3779:3867:void fillupTablePrivileges(java.lang.String,java.lang.String,java.lang.String) -> g
    3883:3883:java.lang.String createTempTable(java.lang.String,java.lang.String,java.lang.String) -> h
    3902:3902:java.lang.String createTempTable(java.lang.String,java.lang.String) -> f
    3914:3916:java.sql.ResultSet getAttributes(java.lang.String,java.lang.String,java.lang.String,java.lang.String) -> a
    3920:3920:int getDatabaseMajorVersion() -> a
    3924:3924:int getDatabaseMinorVersion() -> b
    3928:3928:int getJDBCMajorVersion() -> c
    3932:3932:int getJDBCMinorVersion() -> d
    3937:3939:int getResultSetHoldability() -> e
    3947:3949:int getSQLStateType() -> f
    3958:3960:java.sql.ResultSet getSuperTables(java.lang.String,java.lang.String,java.lang.String) -> d
    3972:3974:java.sql.ResultSet getSuperTypes(java.lang.String,java.lang.String,java.lang.String) -> e
    3979:3981:boolean locatorsUpdateCopy() -> g
    3986:3986:boolean supportsGetGeneratedKeys() -> h
    3991:3991:boolean supportsMultipleOpenResults() -> i
    3996:3996:boolean supportsNamedParameters() -> j
    4002:4002:boolean supportsResultSetHoldability(int) -> a
    4007:4007:boolean supportsSavepoints() -> k
    4012:4012:boolean supportsStatementPooling() -> l
    4017:4018:java.sql.ResultSet nullResultSet() -> m
com.transtools.jdbc.TTPreparedStatement -> com.transtools.jdbc.e:
    int MAX_FIELD_SIZE -> d
    com.transtools.jdbc.TTConnection connection -> e
    com.transtools.ctsql.CtsqlCursor ctsqlCursor -> f
    java.sql.ResultSet resultSet -> g
    com.transtools.ctsql.CtsqlType[] hosts -> h
    144:145:void setQueryTimeout(int) -> setQueryTimeout
    159:159:void setMaxFieldSize(int) -> setMaxFieldSize
    177:177:void setMaxRows(int) -> setMaxRows
    185:185:void setEscapeProcessing(boolean) -> setEscapeProcessing
    197:201:void setCursorName(java.lang.String) -> setCursorName
    217:221:void setObject(int,java.lang.Object) -> setObject
    233:234:void setShort(int,short) -> setShort
    249:250:void setInt(int,int) -> setInt
    264:265:void setDouble(int,double) -> setDouble
    279:280:void setString(int,java.lang.String) -> setString
    300:307:void setDate(int,java.sql.Date) -> setDate
    329:336:void setTime(int,java.sql.Time) -> setTime
    353:354:void setBoolean(int,boolean) -> setBoolean
    365:366:void setByte(int,byte) -> setByte
    379:380:void setLong(int,long) -> setLong
    391:392:void setFloat(int,float) -> setFloat
    404:406:void setBigDecimal(int,java.math.BigDecimal) -> setBigDecimal
    418:419:void setBytes(int,byte[]) -> setBytes
    441:448:void setTimestamp(int,java.sql.Timestamp) -> setTimestamp
    462:463:void setAsciiStream(int,java.io.InputStream,int) -> setAsciiStream
    477:478:void setUnicodeStream(int,java.io.InputStream,int) -> setUnicodeStream
    490:491:void setBinaryStream(int,java.io.InputStream,int) -> setBinaryStream
    508:586:void setObject(int,java.lang.Object,int,int) -> setObject
    601:602:void setObject(int,java.lang.Object,int) -> setObject
    613:614:void setNull(int,int) -> setNull
    631:631:void setRef(int,java.sql.Ref) -> setRef
    643:643:void setTimestamp(int,java.sql.Timestamp,java.util.Calendar) -> setTimestamp
    656:657:void setDate(int,java.sql.Date,java.util.Calendar) -> setDate
    669:669:void setNull(int,int,java.lang.String) -> setNull
    680:680:void setClob(int,java.sql.Clob) -> setClob
    691:691:void setBlob(int,java.sql.Blob) -> setBlob
    702:702:void setArray(int,java.sql.Array) -> setArray
    714:714:void setTime(int,java.sql.Time,java.util.Calendar) -> setTime
    724:724:void setFetchDirection(int) -> setFetchDirection
    734:734:void setFetchSize(int) -> setFetchSize
    746:746:void setCharacterStream(int,java.io.Reader,int) -> setCharacterStream
    757:757:java.sql.ResultSet getResultSet() -> getResultSet
    770:770:int getUpdateCount() -> getUpdateCount
    781:781:int getQueryTimeout() -> getQueryTimeout
    794:794:int getMaxFieldSize() -> getMaxFieldSize
    805:805:int getMaxRows() -> getMaxRows
    818:818:java.sql.SQLWarning getWarnings() -> getWarnings
    829:829:boolean getMoreResults() -> getMoreResults
    840:840:int getFetchSize() -> getFetchSize
    863:863:int getFetchDirection() -> getFetchDirection
    874:874:java.sql.Connection getConnection() -> getConnection
    886:889:java.sql.ResultSetMetaData getMetaData() -> getMetaData
    905:918:boolean execute(java.lang.String) -> execute
    935:936:java.sql.ResultSet executeQuery(java.lang.String) -> executeQuery
    952:957:int executeUpdate(java.lang.String) -> executeUpdate
    969:970:void close() -> close
    979:980:void cancel() -> cancel
    989:990:void clearWarnings() -> clearWarnings
    1002:1017:java.sql.ResultSet executeQuery() -> executeQuery
    1032:1040:int executeUpdate() -> executeUpdate
    1055:1068:boolean execute() -> execute
    1078:1080:void clearParameters() -> clearParameters
    1090:1090:int[] executeBatch() -> executeBatch
    1099:1099:void clearBatch() -> clearBatch
    1107:1107:void addBatch() -> addBatch
    1117:1117:void addBatch(java.lang.String) -> addBatch
    1127:1128:void finalize() -> finalize
    1134:1135:void setShort(int,java.lang.Short) -> a
    1141:1142:void setInt(int,java.lang.Integer) -> a
    1148:1149:void setDouble(int,java.lang.Double) -> a
    1158:1167:void resetStatement() -> f
    1178:1198:int findType(java.lang.Object) -> a
    1232:1252:java.lang.String convertToString(java.lang.Object) -> b
    1285:1301:java.lang.Short convertToShort(java.lang.Object) -> c
    1333:1349:java.lang.Integer convertToInt(java.lang.Object) -> d
    1379:1392:java.sql.Time convertToTime(java.lang.Object) -> e
    1424:1451:java.lang.Double convertToDouble(java.lang.Object) -> f
    1480:1498:java.sql.Date convertToDate(java.lang.Object) -> g
    1529:1542:java.sql.Timestamp convertToDateTime(java.lang.Object) -> h
    1558:1567:byte[] convertToBinary(java.lang.Object) -> i
    1582:1583:void setURL(int,java.net.URL) -> a
com.transtools.jdbc.TTResultSet -> com.transtools.jdbc.g:
    int row -> a
    com.transtools.ctsql.CtsqlCursor cursor -> b
    com.transtools.jdbc.TTStatement stmt -> c
    boolean wasNull -> d
    132:132:void setFetchDirection(int) -> setFetchDirection
    142:142:void setFetchSize(int) -> setFetchSize
    154:155:void setStatement(java.sql.Statement) -> a
    165:166:void setType(int) -> a
    175:176:void setTypeConcurrency(int) -> b
    191:211:java.lang.String getString(int) -> getString
    226:235:short getShort(int) -> getShort
    250:260:int getInt(int) -> getInt
    275:284:double getDouble(int) -> getDouble
    300:318:java.sql.Date getDate(int) -> getDate
    335:353:java.sql.Time getTime(int) -> getTime
    365:365:java.sql.ResultSetMetaData getMetaData() -> getMetaData
    381:417:java.lang.Object getObject(int) -> getObject
    433:433:java.lang.String getString(java.lang.String) -> getString
    449:449:short getShort(java.lang.String) -> getShort
    465:465:int getInt(java.lang.String) -> getInt
    481:481:double getDouble(java.lang.String) -> getDouble
    498:498:java.sql.Date getDate(java.lang.String) -> getDate
    514:514:java.sql.Time getTime(java.lang.String) -> getTime
    531:531:java.lang.Object getObject(java.lang.String) -> getObject
    544:553:boolean getBoolean(int) -> getBoolean
    565:566:byte getByte(int) -> getByte
    583:583:long getLong(int) -> getLong
    595:596:float getFloat(int) -> getFloat
    613:613:java.math.BigDecimal getBigDecimal(int,int) -> getBigDecimal
    628:635:byte[] getBytes(int) -> getBytes
    647:664:java.sql.Timestamp getTimestamp(int) -> getTimestamp
    676:677:java.io.InputStream getAsciiStream(int) -> getAsciiStream
    692:693:java.io.InputStream getUnicodeStream(int) -> getUnicodeStream
    709:716:java.io.InputStream getBinaryStream(int) -> getBinaryStream
    728:728:boolean getBoolean(java.lang.String) -> getBoolean
    740:741:byte getByte(java.lang.String) -> getByte
    758:758:long getLong(java.lang.String) -> getLong
    770:771:float getFloat(java.lang.String) -> getFloat
    787:787:java.math.BigDecimal getBigDecimal(java.lang.String,int) -> getBigDecimal
    799:799:byte[] getBytes(java.lang.String) -> getBytes
    814:814:java.sql.Timestamp getTimestamp(java.lang.String) -> getTimestamp
    827:828:java.io.InputStream getAsciiStream(java.lang.String) -> getAsciiStream
    843:844:java.io.InputStream getUnicodeStream(java.lang.String) -> getUnicodeStream
    857:858:java.io.InputStream getBinaryStream(java.lang.String) -> getBinaryStream
    872:872:java.sql.SQLWarning getWarnings() -> getWarnings
    884:884:java.lang.String getCursorName() -> getCursorName
    894:894:com.transtools.ctsql.CtsqlCursor getCursor() -> b
    904:904:int getFetchSize() -> getFetchSize
    918:930:boolean isAfterLast() -> isAfterLast
    941:941:java.sql.Array getArray(int) -> getArray
    953:953:java.sql.Array getArray(java.lang.String) -> getArray
    965:1008:int getRow() -> getRow
    1019:1019:int getConcurrency() -> getConcurrency
    1032:1043:boolean isLast() -> isLast
    1056:1056:java.lang.Object getObject(int,java.util.Map) -> getObject
    1069:1069:java.lang.Object getObject(java.lang.String,java.util.Map) -> getObject
    1081:1081:java.sql.Ref getRef(int) -> getRef
    1093:1093:java.sql.Ref getRef(java.lang.String) -> getRef
    1105:1105:java.io.Reader getCharacterStream(int) -> getCharacterStream
    1117:1117:java.io.Reader getCharacterStream(java.lang.String) -> getCharacterStream
    1137:1136:boolean isBeforeFirst() -> isBeforeFirst
    1151:1151:java.sql.Clob getClob(int) -> getClob
    1163:1163:java.sql.Clob getClob(java.lang.String) -> getClob
    1176:1176:java.sql.Date getDate(int,java.util.Calendar) -> getDate
    1189:1189:java.sql.Date getDate(java.lang.String,java.util.Calendar) -> getDate
    1201:1206:boolean isFirst() -> isFirst
    1218:1218:java.sql.Time getTime(int,java.util.Calendar) -> getTime
    1231:1231:java.sql.Time getTime(java.lang.String,java.util.Calendar) -> getTime
    1243:1243:java.sql.Statement getStatement() -> getStatement
    1257:1257:java.sql.Blob getBlob(int) -> getBlob
    1269:1269:java.sql.Blob getBlob(java.lang.String) -> getBlob
    1285:1296:java.math.BigDecimal getBigDecimal(int) -> getBigDecimal
    1309:1309:java.math.BigDecimal getBigDecimal(java.lang.String) -> getBigDecimal
    1319:1319:int getType() -> getType
    1329:1329:int getFetchDirection() -> getFetchDirection
    1342:1342:java.sql.Timestamp getTimestamp(int,java.util.Calendar) -> getTimestamp
    1355:1355:java.sql.Timestamp getTimestamp(java.lang.String,java.util.Calendar) -> getTimestamp
    1370:1388:boolean next() -> next
    1402:1411:void close() -> close
    1420:1420:boolean wasNull() -> wasNull
    1437:1440:int findColumn(java.lang.String) -> findColumn
    1452:1453:void clearWarnings() -> clearWarnings
    1460:1460:void cancelRowUpdates() -> cancelRowUpdates
    1470:1470:boolean rowDeleted() -> rowDeleted
    1487:1495:void updateShort(int,short) -> updateShort
    1506:1507:void updateShort(java.lang.String,short) -> updateShort
    1522:1530:void updateBytes(int,byte[]) -> updateBytes
    1545:1546:void updateBytes(java.lang.String,byte[]) -> updateBytes
    1560:1560:void updateByte(int,byte) -> updateByte
    1571:1571:void updateByte(java.lang.String,byte) -> updateByte
    1587:1598:void updateTimestamp(int,java.sql.Timestamp) -> updateTimestamp
    1609:1610:void updateTimestamp(java.lang.String,java.sql.Timestamp) -> updateTimestamp
    1624:1632:void updateString(int,java.lang.String) -> updateString
    1646:1647:void updateString(java.lang.String,java.lang.String) -> updateString
    1668:1676:void moveToInsertRow() -> moveToInsertRow
    1690:1698:void updateInt(int,int) -> updateInt
    1709:1710:void updateInt(java.lang.String,int) -> updateInt
    1724:1724:void updateObject(int,java.lang.Object) -> updateObject
    1736:1736:void updateObject(int,java.lang.Object,int) -> updateObject
    1747:1747:void updateObject(java.lang.String,java.lang.Object) -> updateObject
    1759:1759:void updateObject(java.lang.String,java.lang.Object,int) -> updateObject
    1772:1782:boolean relative(int) -> relative
    1799:1810:void deleteRow() -> deleteRow
    1819:1819:boolean rowUpdated() -> rowUpdated
    1832:1842:boolean last() -> last
    1858:1883:boolean absolute(int) -> absolute
    1895:1905:boolean previous() -> previous
    1916:1916:void moveToCurrentRow() -> moveToCurrentRow
    1927:1927:void updateFloat(int,float) -> updateFloat
    1938:1938:void updateFloat(java.lang.String,float) -> updateFloat
    1948:1960:void afterLast() -> afterLast
    1975:1983:void updateBigDecimal(int,java.math.BigDecimal) -> updateBigDecimal
    1998:1999:void updateBigDecimal(java.lang.String,java.math.BigDecimal) -> updateBigDecimal
    2011:2022:void updateRow() -> updateRow
    2030:2030:boolean rowInserted() -> rowInserted
    2042:2051:void updateNull(int) -> updateNull
    2061:2062:void updateNull(java.lang.String) -> updateNull
    2072:2072:void updateDouble(int,double) -> updateDouble
    2083:2083:void updateDouble(java.lang.String,double) -> updateDouble
    2096:2107:void updateTime(int,java.sql.Time) -> updateTime
    2118:2119:void updateTime(java.lang.String,java.sql.Time) -> updateTime
    2130:2130:void updateAsciiStream(int,java.io.InputStream,int) -> updateAsciiStream
    2142:2142:void updateAsciiStream(java.lang.String,java.io.InputStream,int) -> updateAsciiStream
    2153:2153:void updateLong(int,long) -> updateLong
    2164:2164:void updateLong(java.lang.String,long) -> updateLong
    2175:2175:void updateBoolean(int,boolean) -> updateBoolean
    2186:2186:void updateBoolean(java.lang.String,boolean) -> updateBoolean
    2198:2198:void updateBinaryStream(int,java.io.InputStream,int) -> updateBinaryStream
    2210:2210:void updateBinaryStream(java.lang.String,java.io.InputStream,int) -> updateBinaryStream
    2225:2235:void updateDate(int,java.sql.Date) -> updateDate
    2249:2250:void updateDate(java.lang.String,java.sql.Date) -> updateDate
    2259:2274:void beforeFirst() -> beforeFirst
    2287:2298:void insertRow() -> insertRow
    2308:2308:void updateCharacterStream(int,java.io.Reader,int) -> updateCharacterStream
    2320:2320:void updateCharacterStream(java.lang.String,java.io.Reader,int) -> updateCharacterStream
    2330:2331:void refreshRow() -> refreshRow
    2342:2353:boolean first() -> first
    2366:2367:void setWasNull(boolean) -> a
    2380:2389:java.sql.Timestamp getDateTime(int) -> d
    2399:2411:java.lang.String getTableName() -> a
    2419:2421:java.net.URL getURL(int) -> c
    2426:2428:java.net.URL getURL(java.lang.String) -> b
    2433:2434:void updateArray(int,java.sql.Array) -> a
    2442:2443:void updateArray(java.lang.String,java.sql.Array) -> a
    2447:2448:void updateBlob(int,java.sql.Blob) -> a
    2452:2453:void updateBlob(java.lang.String,java.sql.Blob) -> a
    2457:2458:void updateClob(int,java.sql.Clob) -> a
    2462:2463:void updateClob(java.lang.String,java.sql.Clob) -> a
    2467:2468:void updateRef(int,java.sql.Ref) -> a
    2472:2473:void updateRef(java.lang.String,java.sql.Ref) -> a
com.transtools.jdbc.TTResultSetCatalog -> com.transtools.jdbc.j:
    java.lang.String tablename -> a
    java.sql.Connection connection -> b
    61:62:void setTableName(java.lang.String) -> a
    71:71:java.lang.String getTableName() -> a
    81:112:void close() -> close
    118:128:java.lang.String rTrim(java.lang.String) -> c
    132:132:java.lang.String getString(int) -> getString
    135:135:java.lang.String getString(java.lang.String) -> getString
com.transtools.jdbc.TTResultSetMetaData -> com.transtools.jdbc.a:
    com.transtools.ctsql.CtsqlCursor cursor -> a
    43:43:int getColumnCount() -> getColumnCount
    56:95:int getColumnType(int) -> getColumnType
    108:108:java.lang.String getColumnTypeName(int) -> getColumnTypeName
    121:121:int getColumnDisplaySize(int) -> getColumnDisplaySize
    133:133:java.lang.String getColumnLabel(int) -> getColumnLabel
    145:145:java.lang.String getColumnName(int) -> getColumnName
    162:162:boolean isAutoIncrement(int) -> isAutoIncrement
    173:173:boolean isCaseSensitive(int) -> isCaseSensitive
    185:185:boolean isSearchable(int) -> isSearchable
    196:196:boolean isCurrency(int) -> isCurrency
    208:222:boolean isSigned(int) -> isSigned
    234:234:java.lang.String getSchemaName(int) -> getSchemaName
    245:245:int getPrecision(int) -> getPrecision
    257:257:int getScale(int) -> getScale
    269:269:java.lang.String getTableName(int) -> getTableName
    282:282:java.lang.String getCatalogName(int) -> getCatalogName
    294:295:boolean isReadOnly(int) -> isReadOnly
    307:308:boolean isWritable(int) -> isWritable
    321:322:boolean isDefinitelyWritable(int) -> isDefinitelyWritable
    336:336:int isNullable(int) -> isNullable
    348:348:java.lang.String getColumnClassName(int) -> getColumnClassName
com.transtools.jdbc.TTStatement -> com.transtools.jdbc.h:
    int MAX_FIELD_SIZE -> d
    int typeResultSet -> e
    int typeConcurrency -> f
    com.transtools.jdbc.TTConnection connection -> g
    java.lang.String cursorName -> h
    int nRows -> i
    java.lang.String myStatement -> j
    java.sql.ResultSet resultSet -> k
    int lastGeneratedSerial -> a
    boolean generatedSerial -> b
    int rowIdAfterInsert -> c
    106:107:void setTypeResultSet(int) -> a
    116:117:void setTypeConcurrency(int) -> b
    127:128:void setQueryTimeout(int) -> setQueryTimeout
    142:142:void setMaxFieldSize(int) -> setMaxFieldSize
    154:154:void setMaxRows(int) -> setMaxRows
    162:162:void setEscapeProcessing(boolean) -> setEscapeProcessing
    185:186:void setCursorName(java.lang.String) -> setCursorName
    199:199:void setFetchDirection(int) -> setFetchDirection
    209:209:void setFetchSize(int) -> setFetchSize
    218:225:void setMyStatement(java.lang.String) -> a
    234:240:java.lang.String getMyStatement() -> a
    255:256:java.sql.ResultSet getResultSet() -> getResultSet
    271:271:int getUpdateCount() -> getUpdateCount
    282:283:int getQueryTimeout() -> getQueryTimeout
    297:297:int getMaxFieldSize() -> getMaxFieldSize
    308:308:int getMaxRows() -> getMaxRows
    318:318:java.sql.SQLWarning getWarnings() -> getWarnings
    329:329:boolean getMoreResults() -> getMoreResults
    339:339:int getResultSetConcurrency() -> getResultSetConcurrency
    350:350:java.sql.Connection getConnection() -> getConnection
    362:362:int getFetchSize() -> getFetchSize
    372:372:int getResultSetType() -> getResultSetType
    383:383:int getFetchDirection() -> getFetchDirection
    420:464:boolean execute(java.lang.String) -> execute
    479:504:java.sql.ResultSet executeQuery(java.lang.String) -> executeQuery
    517:542:java.sql.ResultSet executeQueryCatalog(java.lang.String) -> b
    554:585:boolean executeCatalog(java.lang.String) -> c
    604:645:int executeUpdate(java.lang.String) -> executeUpdate
    650:653:int getSerial() -> b
    657:663:void setLastGeneratedSerial(int) -> e
    672:672:int getRowIdAfterInsert() -> c
    676:677:void setRowIdAfterInsert(int) -> c
    691:708:void close() -> close
    717:718:void cancel() -> cancel
    727:728:void clearWarnings() -> clearWarnings
    738:738:int[] executeBatch() -> executeBatch
    747:747:void clearBatch() -> clearBatch
    757:757:void addBatch(java.lang.String) -> addBatch
    767:768:void finalize() -> finalize
    776:778:boolean execute(java.lang.String,int) -> a
    784:786:boolean execute(java.lang.String,int[]) -> a
    792:794:boolean execute(java.lang.String,java.lang.String[]) -> a
    800:802:int executeUpdate(java.lang.String,int) -> b
    808:810:int executeUpdate(java.lang.String,int[]) -> b
    816:818:int executeUpdate(java.lang.String,java.lang.String[]) -> b
    823:825:java.sql.ResultSet getGeneratedKeys() -> d
    829:830:boolean getMoreResults(int) -> d
    835:837:int getResultSetHoldability() -> e
com.transtools.jdbc.metadata.FixedResultsetColumnMetadata -> com.transtools.jdbc.metadata.c:
    java.lang.String name -> a
    java.lang.String tableName -> b
    int type -> c
    java.lang.String className -> d
    int displaySize -> e
    java.lang.String label -> f
    java.lang.String typeName -> g
    int precision -> h
    int scale -> i
    boolean autoIncrement -> j
    boolean caseSensitive -> k
    boolean currency -> l
    boolean definitelyWritable -> m
    int nullable -> n
    boolean readOnly -> o
    boolean searchable -> p
    boolean signed -> q
    boolean writable -> r
    47:47:java.lang.String getName() -> a
    50:51:void setName(java.lang.String) -> a
    53:53:java.lang.String getTableName() -> b
    56:57:void setTableName(java.lang.String) -> b
    59:59:int getType() -> c
    62:63:void setType(int) -> a
    65:65:java.lang.String getClassName() -> d
    68:69:void setClassName(java.lang.String) -> c
    71:71:int getDisplaySize() -> e
    74:75:void setDisplaySize(int) -> b
    77:77:java.lang.String getLabel() -> f
    80:81:void setLabel(java.lang.String) -> d
    83:83:java.lang.String getTypeName() -> g
    86:87:void setTypeName(java.lang.String) -> e
    89:89:int getPrecision() -> h
    92:93:void setPrecision(int) -> c
    95:95:int getScale() -> i
    98:99:void setScale(int) -> d
    101:101:boolean isAutoIncrement() -> j
    104:105:void setAutoIncrement(boolean) -> a
    107:107:boolean isCaseSensitive() -> k
    110:111:void setCaseSensitive(boolean) -> b
    113:113:boolean isCurrency() -> l
    116:117:void setCurrency(boolean) -> c
    119:119:boolean isDefinitelyWritable() -> m
    122:123:void setDefinitelyWritable(boolean) -> d
    125:125:int isNullable() -> n
    128:129:void setNullable(int) -> e
    131:131:boolean isReadOnly() -> o
    134:135:void setReadOnly(boolean) -> e
    137:137:boolean isSearchable() -> p
    140:141:void setSearchable(boolean) -> f
    143:143:boolean isSigned() -> q
    146:147:void setSigned(boolean) -> g
    149:149:boolean isWritable() -> r
    152:153:void setWritable(boolean) -> h
com.transtools.jdbc.metadata.FixedResultsetMetadata -> com.transtools.jdbc.metadata.b:
    com.transtools.jdbc.metadata.FixedResultsetColumnMetadata[] columnMetadata -> a
    14:14:java.lang.String getColumnClassName(int) -> getColumnClassName
    18:18:int getColumnCount() -> getColumnCount
    22:22:int getColumnDisplaySize(int) -> getColumnDisplaySize
    26:26:java.lang.String getColumnLabel(int) -> getColumnLabel
    30:30:java.lang.String getColumnName(int) -> getColumnName
    34:34:int getColumnType(int) -> getColumnType
    38:38:java.lang.String getColumnTypeName(int) -> getColumnTypeName
    42:42:int getPrecision(int) -> getPrecision
    46:46:int getScale(int) -> getScale
    50:50:java.lang.String getTableName(int) -> getTableName
    54:54:boolean isAutoIncrement(int) -> isAutoIncrement
    58:58:boolean isCaseSensitive(int) -> isCaseSensitive
    62:62:boolean isCurrency(int) -> isCurrency
    66:66:boolean isDefinitelyWritable(int) -> isDefinitelyWritable
    70:70:int isNullable(int) -> isNullable
    74:74:boolean isReadOnly(int) -> isReadOnly
    78:78:boolean isSearchable(int) -> isSearchable
    82:82:boolean isSigned(int) -> isSigned
    86:86:boolean isWritable(int) -> isWritable
com.transtools.jdbc.metadata.ForeignKeyRow -> com.transtools.jdbc.metadata.h:
    java.lang.String[] columns -> p
    int PKTABLE_CAT -> a
    int PKTABLE_SCHEM -> b
    int PKTABLE_NAME -> c
    int PKCOLUMN_NAME -> d
    int FKTABLE_CAT -> e
    int FKTABLE_SCHEM -> f
    int FKTABLE_NAME -> g
    int FKCOLUMN_NAME -> h
    int KEY_SEQ -> i
    int UPDATE_RULE -> j
    int DELETE_RULE -> k
    int FK_NAME -> l
    int PK_NAME -> m
    int DEFERRABILITY -> n
    java.lang.String[] values -> o
    44:48:void setProperty(java.lang.String,java.lang.String) -> a
    51:52:void setProperty(int,java.lang.String) -> a
    55:60:int getPropertyIndex(java.lang.String) -> a
    64:68:java.lang.String getProperty(java.lang.String) -> b
    72:72:java.lang.String getProperty(int) -> a
    76:76:java.lang.String[] getPropertyNames() -> a
com.transtools.jdbc.metadata.IPropertiesBean -> com.transtools.jdbc.metadata.g:
    java.lang.String[] getPropertyNames() -> a
    java.lang.String getProperty(java.lang.String) -> b
    java.lang.String getProperty(int) -> a
    void setProperty(java.lang.String,java.lang.String) -> a
    void setProperty(int,java.lang.String) -> a
    int getPropertyIndex(java.lang.String) -> a
com.transtools.jdbc.metadata.PrimaryKeyRow -> com.transtools.jdbc.metadata.f:
    java.lang.String[] columns -> h
    int TABLE_CAT -> a
    int TABLE_SCHEM -> b
    int TABLE_NAME -> c
    int COLUMN_NAME -> d
    int KEY_SEQ -> e
    int PK_NAME -> f
    java.lang.String[] values -> g
    28:32:void setProperty(java.lang.String,java.lang.String) -> a
    35:36:void setProperty(int,java.lang.String) -> a
    39:44:int getPropertyIndex(java.lang.String) -> a
    48:52:java.lang.String getProperty(java.lang.String) -> b
    56:56:java.lang.String getProperty(int) -> a
    60:60:java.lang.String[] getPropertyNames() -> a
com.transtools.jdbc.metadata.PropertiesBeanResultset -> com.transtools.jdbc.metadata.a:
    java.util.List rows -> a
    int currentRowIdx -> b
    com.transtools.jdbc.metadata.FixedResultsetMetadata metadata -> c
    24:25:void add(com.transtools.jdbc.metadata.IPropertiesBean) -> a
    29:32:com.transtools.jdbc.metadata.IPropertiesBean getCurrentRow() -> a
    38:45:boolean absolute(int) -> absolute
    52:53:void afterLast() -> afterLast
    56:57:void beforeFirst() -> beforeFirst
    61:61:void close() -> close
    64:64:int findColumn(java.lang.String) -> findColumn
    68:72:boolean first() -> first
    77:77:java.math.BigDecimal getBigDecimal(int) -> getBigDecimal
    81:81:java.math.BigDecimal getBigDecimal(java.lang.String) -> getBigDecimal
    85:85:boolean getBoolean(int) -> getBoolean
    89:89:boolean getBoolean(java.lang.String) -> getBoolean
    93:93:int getInt(int) -> getInt
    97:97:int getInt(java.lang.String) -> getInt
    101:101:long getLong(int) -> getLong
    105:105:long getLong(java.lang.String) -> getLong
    109:109:java.lang.Object getObject(int) -> getObject
    113:113:java.lang.Object getObject(java.lang.String) -> getObject
    117:117:int getRow() -> getRow
    121:121:short getShort(int) -> getShort
    125:125:short getShort(java.lang.String) -> getShort
    129:129:java.lang.String getString(int) -> getString
    133:133:java.lang.String getString(java.lang.String) -> getString
    138:138:boolean isAfterLast() -> isAfterLast
    142:142:boolean isBeforeFirst() -> isBeforeFirst
    146:146:boolean isFirst() -> isFirst
    150:150:boolean isLast() -> isLast
    154:158:boolean last() -> last
    163:167:boolean next() -> next
    172:176:boolean previous() -> previous
    181:189:boolean relative(int) -> relative
    193:193:java.sql.ResultSetMetaData getMetaData() -> getMetaData
    197:197:boolean wasNull() -> wasNull
com.transtools.jdbc.metadata.Syscolumn -> com.transtools.jdbc.metadata.d:
    java.lang.String colname -> a
    int coltype -> b
    int collength -> c
    8:8:java.lang.String getColname() -> a
    11:12:void setColname(java.lang.String) -> a
    14:14:int getColtype() -> b
    17:18:void setColtype(int) -> a
    20:20:int getCollength() -> c
    23:24:void setCollength(int) -> b
com.transtools.jdbc.metadata.Systable -> com.transtools.jdbc.metadata.j:
    java.lang.String tabname -> b
    java.lang.String owner -> c
    int tabid -> d
    int[] parts -> e
    java.util.List columns -> a
    15:15:java.lang.String getTabname() -> a
    19:20:void setTabname(java.lang.String) -> a
    23:23:java.lang.String getOwner() -> b
    27:28:void setOwner(java.lang.String) -> b
    31:31:int getTabid() -> c
    35:36:void setTabid(int) -> a
    39:39:java.util.List getColumns() -> d
    43:44:void setColumns(java.util.List) -> a
    47:47:int[] getParts() -> e
    51:52:void setParts(int[]) -> a
com.transtools.jdbc.metadata.VoidResultsetAdapter -> com.transtools.jdbc.metadata.i:
    26:26:boolean absolute(int) -> absolute
    30:30:void afterLast() -> afterLast
    34:34:void beforeFirst() -> beforeFirst
    38:38:void cancelRowUpdates() -> cancelRowUpdates
    42:42:void clearWarnings() -> clearWarnings
    46:46:void close() -> close
    50:50:void deleteRow() -> deleteRow
    54:54:int findColumn(java.lang.String) -> findColumn
    58:58:boolean first() -> first
    62:62:java.sql.Array getArray(int) -> getArray
    66:66:java.sql.Array getArray(java.lang.String) -> getArray
    70:70:java.io.InputStream getAsciiStream(int) -> getAsciiStream
    74:74:java.io.InputStream getAsciiStream(java.lang.String) -> getAsciiStream
    78:78:java.math.BigDecimal getBigDecimal(int) -> getBigDecimal
    82:82:java.math.BigDecimal getBigDecimal(java.lang.String) -> getBigDecimal
    87:87:java.math.BigDecimal getBigDecimal(int,int) -> getBigDecimal
    92:92:java.math.BigDecimal getBigDecimal(java.lang.String,int) -> getBigDecimal
    96:96:java.io.InputStream getBinaryStream(int) -> getBinaryStream
    100:100:java.io.InputStream getBinaryStream(java.lang.String) -> getBinaryStream
    104:104:java.sql.Blob getBlob(int) -> getBlob
    108:108:java.sql.Blob getBlob(java.lang.String) -> getBlob
    112:112:boolean getBoolean(int) -> getBoolean
    116:116:boolean getBoolean(java.lang.String) -> getBoolean
    120:120:byte getByte(int) -> getByte
    124:124:byte getByte(java.lang.String) -> getByte
    128:128:byte[] getBytes(int) -> getBytes
    132:132:byte[] getBytes(java.lang.String) -> getBytes
    136:136:java.io.Reader getCharacterStream(int) -> getCharacterStream
    140:140:java.io.Reader getCharacterStream(java.lang.String) -> getCharacterStream
    144:144:java.sql.Clob getClob(int) -> getClob
    148:148:java.sql.Clob getClob(java.lang.String) -> getClob
    152:152:int getConcurrency() -> getConcurrency
    156:156:java.lang.String getCursorName() -> getCursorName
    160:160:java.sql.Date getDate(int) -> getDate
    164:164:java.sql.Date getDate(java.lang.String) -> getDate
    168:168:java.sql.Date getDate(int,java.util.Calendar) -> getDate
    172:172:java.sql.Date getDate(java.lang.String,java.util.Calendar) -> getDate
    176:176:double getDouble(int) -> getDouble
    180:180:double getDouble(java.lang.String) -> getDouble
    184:184:int getFetchDirection() -> getFetchDirection
    188:188:int getFetchSize() -> getFetchSize
    192:192:float getFloat(int) -> getFloat
    196:196:float getFloat(java.lang.String) -> getFloat
    200:200:int getInt(int) -> getInt
    204:204:int getInt(java.lang.String) -> getInt
    208:208:long getLong(int) -> getLong
    212:212:long getLong(java.lang.String) -> getLong
    216:216:java.sql.ResultSetMetaData getMetaData() -> getMetaData
    220:220:java.lang.Object getObject(int) -> getObject
    224:224:java.lang.Object getObject(java.lang.String) -> getObject
    228:228:java.lang.Object getObject(int,java.util.Map) -> getObject
    232:232:java.lang.Object getObject(java.lang.String,java.util.Map) -> getObject
    236:236:java.sql.Ref getRef(int) -> getRef
    240:240:java.sql.Ref getRef(java.lang.String) -> getRef
    244:244:int getRow() -> getRow
    248:248:short getShort(int) -> getShort
    252:252:short getShort(java.lang.String) -> getShort
    256:256:java.sql.Statement getStatement() -> getStatement
    260:260:java.lang.String getString(int) -> getString
    264:264:java.lang.String getString(java.lang.String) -> getString
    268:268:java.sql.Time getTime(int) -> getTime
    272:272:java.sql.Time getTime(java.lang.String) -> getTime
    276:276:java.sql.Time getTime(int,java.util.Calendar) -> getTime
    280:280:java.sql.Time getTime(java.lang.String,java.util.Calendar) -> getTime
    284:284:java.sql.Timestamp getTimestamp(int) -> getTimestamp
    288:288:java.sql.Timestamp getTimestamp(java.lang.String) -> getTimestamp
    293:293:java.sql.Timestamp getTimestamp(int,java.util.Calendar) -> getTimestamp
    298:298:java.sql.Timestamp getTimestamp(java.lang.String,java.util.Calendar) -> getTimestamp
    302:302:int getType() -> getType
    306:306:java.io.InputStream getUnicodeStream(int) -> getUnicodeStream
    310:310:java.io.InputStream getUnicodeStream(java.lang.String) -> getUnicodeStream
    314:314:java.sql.SQLWarning getWarnings() -> getWarnings
    318:318:void insertRow() -> insertRow
    322:322:boolean isAfterLast() -> isAfterLast
    326:326:boolean isBeforeFirst() -> isBeforeFirst
    330:330:boolean isFirst() -> isFirst
    334:334:boolean isLast() -> isLast
    338:338:boolean last() -> last
    342:342:void moveToCurrentRow() -> moveToCurrentRow
    346:346:void moveToInsertRow() -> moveToInsertRow
    350:350:boolean next() -> next
    354:354:boolean previous() -> previous
    358:358:void refreshRow() -> refreshRow
    362:362:boolean relative(int) -> relative
    366:366:boolean rowDeleted() -> rowDeleted
    370:370:boolean rowInserted() -> rowInserted
    374:374:boolean rowUpdated() -> rowUpdated
    378:378:void setFetchDirection(int) -> setFetchDirection
    382:382:void setFetchSize(int) -> setFetchSize
    388:388:void updateAsciiStream(int,java.io.InputStream,int) -> updateAsciiStream
    394:394:void updateAsciiStream(java.lang.String,java.io.InputStream,int) -> updateAsciiStream
    400:400:void updateBigDecimal(int,java.math.BigDecimal) -> updateBigDecimal
    406:406:void updateBigDecimal(java.lang.String,java.math.BigDecimal) -> updateBigDecimal
    412:412:void updateBinaryStream(int,java.io.InputStream,int) -> updateBinaryStream
    418:418:void updateBinaryStream(java.lang.String,java.io.InputStream,int) -> updateBinaryStream
    423:423:void updateBoolean(int,boolean) -> updateBoolean
    428:428:void updateBoolean(java.lang.String,boolean) -> updateBoolean
    433:433:void updateByte(int,byte) -> updateByte
    438:438:void updateByte(java.lang.String,byte) -> updateByte
    443:443:void updateBytes(int,byte[]) -> updateBytes
    448:448:void updateBytes(java.lang.String,byte[]) -> updateBytes
    454:454:void updateCharacterStream(int,java.io.Reader,int) -> updateCharacterStream
    460:460:void updateCharacterStream(java.lang.String,java.io.Reader,int) -> updateCharacterStream
    465:465:void updateDate(int,java.sql.Date) -> updateDate
    470:470:void updateDate(java.lang.String,java.sql.Date) -> updateDate
    475:475:void updateDouble(int,double) -> updateDouble
    480:480:void updateDouble(java.lang.String,double) -> updateDouble
    485:485:void updateFloat(int,float) -> updateFloat
    490:490:void updateFloat(java.lang.String,float) -> updateFloat
    495:495:void updateInt(int,int) -> updateInt
    500:500:void updateInt(java.lang.String,int) -> updateInt
    505:505:void updateLong(int,long) -> updateLong
    510:510:void updateLong(java.lang.String,long) -> updateLong
    515:515:void updateNull(int) -> updateNull
    520:520:void updateNull(java.lang.String) -> updateNull
    525:525:void updateObject(int,java.lang.Object) -> updateObject
    530:530:void updateObject(java.lang.String,java.lang.Object) -> updateObject
    536:536:void updateObject(int,java.lang.Object,int) -> updateObject
    542:542:void updateObject(java.lang.String,java.lang.Object,int) -> updateObject
    547:547:void updateRow() -> updateRow
    552:552:void updateShort(int,short) -> updateShort
    557:557:void updateShort(java.lang.String,short) -> updateShort
    562:562:void updateString(int,java.lang.String) -> updateString
    567:567:void updateString(java.lang.String,java.lang.String) -> updateString
    572:572:void updateTime(int,java.sql.Time) -> updateTime
    577:577:void updateTime(java.lang.String,java.sql.Time) -> updateTime
    583:583:void updateTimestamp(int,java.sql.Timestamp) -> updateTimestamp
    589:589:void updateTimestamp(java.lang.String,java.sql.Timestamp) -> updateTimestamp
    594:594:boolean wasNull() -> wasNull
com.transtools.jdbc.metadata.VoidResultsetMetadataAdapter -> com.transtools.jdbc.metadata.e:
    9:9:java.lang.String getCatalogName(int) -> getCatalogName
    13:13:java.lang.String getColumnClassName(int) -> getColumnClassName
    17:17:int getColumnCount() -> getColumnCount
    21:21:int getColumnDisplaySize(int) -> getColumnDisplaySize
    25:25:java.lang.String getColumnLabel(int) -> getColumnLabel
    29:29:java.lang.String getColumnName(int) -> getColumnName
    33:33:int getColumnType(int) -> getColumnType
    37:37:java.lang.String getColumnTypeName(int) -> getColumnTypeName
    41:41:int getPrecision(int) -> getPrecision
    45:45:int getScale(int) -> getScale
    49:49:java.lang.String getSchemaName(int) -> getSchemaName
    53:53:java.lang.String getTableName(int) -> getTableName
    57:57:boolean isAutoIncrement(int) -> isAutoIncrement
    61:61:boolean isCaseSensitive(int) -> isCaseSensitive
    65:65:boolean isCurrency(int) -> isCurrency
    69:69:boolean isDefinitelyWritable(int) -> isDefinitelyWritable
    73:73:int isNullable(int) -> isNullable
    77:77:boolean isReadOnly(int) -> isReadOnly
    81:81:boolean isSearchable(int) -> isSearchable
    85:85:boolean isSigned(int) -> isSigned
    89:89:boolean isWritable(int) -> isWritable
